Running Make libs in ps7_cortexa9_0/libsrc/scugic_v3_8/src
make -C ps7_cortexa9_0/libsrc/scugic_v3_8/src -s libs  "SHELL=/bin/sh" "COMPILER=arm-none-eabi-gcc" "ARCHIVER=arm-none-eabi-ar" "COMPILER_FLAGS=  -O2 -c" "EXTRA_COMPILER_FLAGS=-mcpu=cortex-a9 -mfpu=vfpv3 -mfloat-abi=hard -nostartfiles -Wall -Wextra"
Compiling scugic
Running Make libs in ps7_cortexa9_0/libsrc/scuwdt_v2_1/src
make -C ps7_cortexa9_0/libsrc/scuwdt_v2_1/src -s libs  "SHELL=/bin/sh" "COMPILER=arm-none-eabi-gcc" "ARCHIVER=arm-none-eabi-ar" "COMPILER_FLAGS=  -O2 -c" "EXTRA_COMPILER_FLAGS=-mcpu=cortex-a9 -mfpu=vfpv3 -mfloat-abi=hard -nostartfiles -Wall -Wextra"
Compiling scuwdt
Running Make libs in ps7_cortexa9_0/libsrc/xilffs_v3_7/src
make -C ps7_cortexa9_0/libsrc/xilffs_v3_7/src -s libs  "SHELL=/bin/sh" "COMPILER=arm-none-eabi-gcc" "ARCHIVER=arm-none-eabi-ar" "COMPILER_FLAGS=  -O2 -c" "EXTRA_COMPILER_FLAGS=-mcpu=cortex-a9 -mfpu=vfpv3 -mfloat-abi=hard -nostartfiles -Wall -Wextra"
Compiling XilFFs Library
ff.c: In function 'find_volume':
ff.c:2610:4: warning: dereferencing type-punned pointer will break strict-aliasing rules [-Wstrict-aliasing]
    && (LD_DWORD(fs->win+FSI_LeadSig) == 0x41615252U)
    ^~
diskio.c:135:11: warning: 'ExtCsd' defined but not used [-Wunused-variable]
 static u8 ExtCsd[512] __attribute__ ((aligned(32)));
           ^~~~~~
Running Make libs in ps7_cortexa9_0/libsrc/standalone_v6_5/src
make -C ps7_cortexa9_0/libsrc/standalone_v6_5/src -s libs  "SHELL=/bin/sh" "COMPILER=arm-none-eabi-gcc" "ARCHIVER=arm-none-eabi-ar" "COMPILER_FLAGS=  -O2 -c" "EXTRA_COMPILER_FLAGS=-mcpu=cortex-a9 -mfpu=vfpv3 -mfloat-abi=hard -nostartfiles -Wall -Wextra"
Compiling standalone
Running Make libs in ps7_cortexa9_0/libsrc/cpu_cortexa9_v2_5/src
make -C ps7_cortexa9_0/libsrc/cpu_cortexa9_v2_5/src -s libs  "SHELL=/bin/sh" "COMPILER=arm-none-eabi-gcc" "ARCHIVER=arm-none-eabi-ar" "COMPILER_FLAGS=  -O2 -c" "EXTRA_COMPILER_FLAGS=-mcpu=cortex-a9 -mfpu=vfpv3 -mfloat-abi=hard -nostartfiles -Wall -Wextra"
Compiling cpu_cortexa9
Running Make libs in ps7_cortexa9_0/libsrc/xadcps_v2_2/src
make -C ps7_cortexa9_0/libsrc/xadcps_v2_2/src -s libs  "SHELL=/bin/sh" "COMPILER=arm-none-eabi-gcc" "ARCHIVER=arm-none-eabi-ar" "COMPILER_FLAGS=  -O2 -c" "EXTRA_COMPILER_FLAGS=-mcpu=cortex-a9 -mfpu=vfpv3 -mfloat-abi=hard -nostartfiles -Wall -Wextra"
Compiling xadcps
Running Make libs in ps7_cortexa9_0/libsrc/axidma_v9_5/src
make -C ps7_cortexa9_0/libsrc/axidma_v9_5/src -s libs  "SHELL=/bin/sh" "COMPILER=arm-none-eabi-gcc" "ARCHIVER=arm-none-eabi-ar" "COMPILER_FLAGS=  -O2 -c" "EXTRA_COMPILER_FLAGS=-mcpu=cortex-a9 -mfpu=vfpv3 -mfloat-abi=hard -nostartfiles -Wall -Wextra"
Compiling axidma
Running Make libs in ps7_cortexa9_0/libsrc/devcfg_v3_5/src
make -C ps7_cortexa9_0/libsrc/devcfg_v3_5/src -s libs  "SHELL=/bin/sh" "COMPILER=arm-none-eabi-gcc" "ARCHIVER=arm-none-eabi-ar" "COMPILER_FLAGS=  -O2 -c" "EXTRA_COMPILER_FLAGS=-mcpu=cortex-a9 -mfpu=vfpv3 -mfloat-abi=hard -nostartfiles -Wall -Wextra"
Compiling devcfg
Running Make libs in ps7_cortexa9_0/libsrc/sdps_v3_3/src
make -C ps7_cortexa9_0/libsrc/sdps_v3_3/src -s libs  "SHELL=/bin/sh" "COMPILER=arm-none-eabi-gcc" "ARCHIVER=arm-none-eabi-ar" "COMPILER_FLAGS=  -O2 -c" "EXTRA_COMPILER_FLAGS=-mcpu=cortex-a9 -mfpu=vfpv3 -mfloat-abi=hard -nostartfiles -Wall -Wextra"
Compiling sdps
Running Make libs in ps7_cortexa9_0/libsrc/emacps_v3_6/src
make -C ps7_cortexa9_0/libsrc/emacps_v3_6/src -s libs  "SHELL=/bin/sh" "COMPILER=arm-none-eabi-gcc" "ARCHIVER=arm-none-eabi-ar" "COMPILER_FLAGS=  -O2 -c" "EXTRA_COMPILER_FLAGS=-mcpu=cortex-a9 -mfpu=vfpv3 -mfloat-abi=hard -nostartfiles -Wall -Wextra"
Compiling emacps
Running Make libs in ps7_cortexa9_0/libsrc/sbs_accelerator_v1_0/src
make -C ps7_cortexa9_0/libsrc/sbs_accelerator_v1_0/src -s libs  "SHELL=/bin/sh" "COMPILER=arm-none-eabi-gcc" "ARCHIVER=arm-none-eabi-ar" "COMPILER_FLAGS=  -O2 -c" "EXTRA_COMPILER_FLAGS=-mcpu=cortex-a9 -mfpu=vfpv3 -mfloat-abi=hard -nostartfiles -Wall -Wextra"
Compiling sbs_accelerator
Running Make libs in ps7_cortexa9_0/libsrc/usbps_v2_4/src
make -C ps7_cortexa9_0/libsrc/usbps_v2_4/src -s libs  "SHELL=/bin/sh" "COMPILER=arm-none-eabi-gcc" "ARCHIVER=arm-none-eabi-ar" "COMPILER_FLAGS=  -O2 -c" "EXTRA_COMPILER_FLAGS=-mcpu=cortex-a9 -mfpu=vfpv3 -mfloat-abi=hard -nostartfiles -Wall -Wextra"
Compiling usbps
Running Make libs in ps7_cortexa9_0/libsrc/coresightps_dcc_v1_4/src
make -C ps7_cortexa9_0/libsrc/coresightps_dcc_v1_4/src -s libs  "SHELL=/bin/sh" "COMPILER=arm-none-eabi-gcc" "ARCHIVER=arm-none-eabi-ar" "COMPILER_FLAGS=  -O2 -c" "EXTRA_COMPILER_FLAGS=-mcpu=cortex-a9 -mfpu=vfpv3 -mfloat-abi=hard -nostartfiles -Wall -Wextra"
Compiling coresightps_dcc
Running Make libs in ps7_cortexa9_0/libsrc/uartps_v3_5/src
make -C ps7_cortexa9_0/libsrc/uartps_v3_5/src -s libs  "SHELL=/bin/sh" "COMPILER=arm-none-eabi-gcc" "ARCHIVER=arm-none-eabi-ar" "COMPILER_FLAGS=  -O2 -c" "EXTRA_COMPILER_FLAGS=-mcpu=cortex-a9 -mfpu=vfpv3 -mfloat-abi=hard -nostartfiles -Wall -Wextra"
Compiling uartps
Running Make libs in ps7_cortexa9_0/libsrc/scutimer_v2_1/src
make -C ps7_cortexa9_0/libsrc/scutimer_v2_1/src -s libs  "SHELL=/bin/sh" "COMPILER=arm-none-eabi-gcc" "ARCHIVER=arm-none-eabi-ar" "COMPILER_FLAGS=  -O2 -c" "EXTRA_COMPILER_FLAGS=-mcpu=cortex-a9 -mfpu=vfpv3 -mfloat-abi=hard -nostartfiles -Wall -Wextra"
Compiling scutimer
Finished building libraries
16:18:11 **** Clean-only build of configuration Debug for project fsbl ****
make clean 
rm -rf  ./src/fsbl_handoff.o ./src/fsbl_hooks.o ./src/image_mover.o ./src/main.o ./src/md5.o ./src/nand.o ./src/nor.o ./src/pcap.o ./src/ps7_init.o ./src/qspi.o ./src/rsa.o ./src/sd.o  ./src/fsbl_handoff.d  ./src/fsbl_hooks.d ./src/image_mover.d ./src/main.d ./src/md5.d ./src/nand.d ./src/nor.d ./src/pcap.d ./src/ps7_init.d ./src/qspi.d ./src/rsa.d ./src/sd.d  fsbl.elf.size  fsbl.elf
 
16:18:12 **** Clean-only build of project bsp ****
make -k clean 
make -C ps7_cortexa9_0/libsrc/dmaps_v2_3/src -s clean 
make -C ps7_cortexa9_0/libsrc/ddrps_v1_0/src -s clean 
make -C ps7_cortexa9_0/libsrc/qspips_v3_4/src -s clean 
make -C ps7_cortexa9_0/libsrc/sbs_spike_50_v1_0/src -s clean 
make -C ps7_cortexa9_0/libsrc/xilrsa_v1_4/src -s clean 
make -C ps7_cortexa9_0/libsrc/gpiops_v3_3/src -s clean 
make -C ps7_cortexa9_0/libsrc/scugic_v3_8/src -s clean 
make -C ps7_cortexa9_0/libsrc/scuwdt_v2_1/src -s clean 
make -C ps7_cortexa9_0/libsrc/xilffs_v3_7/src -s clean 
make -C ps7_cortexa9_0/libsrc/standalone_v6_5/src -s clean 
make -C ps7_cortexa9_0/libsrc/cpu_cortexa9_v2_5/src -s clean 
make -C ps7_cortexa9_0/libsrc/xadcps_v2_2/src -s clean 
make -C ps7_cortexa9_0/libsrc/axidma_v9_5/src -s clean 
make -C ps7_cortexa9_0/libsrc/devcfg_v3_5/src -s clean 
make -C ps7_cortexa9_0/libsrc/sdps_v3_3/src -s clean 
make -C ps7_cortexa9_0/libsrc/emacps_v3_6/src -s clean 
make -C ps7_cortexa9_0/libsrc/sbs_accelerator_v1_0/src -s clean 
make -C ps7_cortexa9_0/libsrc/usbps_v2_4/src -s clean 
make -C ps7_cortexa9_0/libsrc/coresightps_dcc_v1_4/src -s clean 
make -C ps7_cortexa9_0/libsrc/uartps_v3_5/src -s clean 
make -C ps7_cortexa9_0/libsrc/scutimer_v2_1/src -s clean 
rm -f ps7_cortexa9_0/lib/libxil.a
16:18:13 **** Build of project bsp ****
make -k all 
Running Make include in ps7_cortexa9_0/libsrc/dmaps_v2_3/src
make -C ps7_cortexa9_0/libsrc/dmaps_v2_3/src -s include  "SHELL=/bin/sh" "COMPILER=arm-none-eabi-gcc" "ARCHIVER=arm-none-eabi-ar" "COMPILER_FLAGS=  -O2 -c" "EXTRA_COMPILER_FLAGS=-mcpu=cortex-a9 -mfpu=vfpv3 -mfloat-abi=hard -nostartfiles -Wall -Wextra"
Running Make include in ps7_cortexa9_0/libsrc/ddrps_v1_0/src
make -C ps7_cortexa9_0/libsrc/ddrps_v1_0/src -s include  "SHELL=/bin/sh" "COMPILER=arm-none-eabi-gcc" "ARCHIVER=arm-none-eabi-ar" "COMPILER_FLAGS=  -O2 -c" "EXTRA_COMPILER_FLAGS=-mcpu=cortex-a9 -mfpu=vfpv3 -mfloat-abi=hard -nostartfiles -Wall -Wextra"
Running Make include in ps7_cortexa9_0/libsrc/qspips_v3_4/src
make -C ps7_cortexa9_0/libsrc/qspips_v3_4/src -s include  "SHELL=/bin/sh" "COMPILER=arm-none-eabi-gcc" "ARCHIVER=arm-none-eabi-ar" "COMPILER_FLAGS=  -O2 -c" "EXTRA_COMPILER_FLAGS=-mcpu=cortex-a9 -mfpu=vfpv3 -mfloat-abi=hard -nostartfiles -Wall -Wextra"
Running Make include in ps7_cortexa9_0/libsrc/sbs_spike_50_v1_0/src
make -C ps7_cortexa9_0/libsrc/sbs_spike_50_v1_0/src -s include  "SHELL=/bin/sh" "COMPILER=arm-none-eabi-gcc" "ARCHIVER=arm-none-eabi-ar" "COMPILER_FLAGS=  -O2 -c" "EXTRA_COMPILER_FLAGS=-mcpu=cortex-a9 -mfpu=vfpv3 -mfloat-abi=hard -nostartfiles -Wall -Wextra"
Running Make include in ps7_cortexa9_0/libsrc/xilrsa_v1_4/src
make -C ps7_cortexa9_0/libsrc/xilrsa_v1_4/src -s include  "SHELL=/bin/sh" "COMPILER=arm-none-eabi-gcc" "ARCHIVER=arm-none-eabi-ar" "COMPILER_FLAGS=  -O2 -c" "EXTRA_COMPILER_FLAGS=-mcpu=cortex-a9 -mfpu=vfpv3 -mfloat-abi=hard -nostartfiles -Wall -Wextra"
Running Make include in ps7_cortexa9_0/libsrc/gpiops_v3_3/src
make -C ps7_cortexa9_0/libsrc/gpiops_v3_3/src -s include  "SHELL=/bin/sh" "COMPILER=arm-none-eabi-gcc" "ARCHIVER=arm-none-eabi-ar" "COMPILER_FLAGS=  -O2 -c" "EXTRA_COMPILER_FLAGS=-mcpu=cortex-a9 -mfpu=vfpv3 -mfloat-abi=hard -nostartfiles -Wall -Wextra"
Running Make include in ps7_cortexa9_0/libsrc/scugic_v3_8/src
make -C ps7_cortexa9_0/libsrc/scugic_v3_8/src -s include  "SHELL=/bin/sh" "COMPILER=arm-none-eabi-gcc" "ARCHIVER=arm-none-eabi-ar" "COMPILER_FLAGS=  -O2 -c" "EXTRA_COMPILER_FLAGS=-mcpu=cortex-a9 -mfpu=vfpv3 -mfloat-abi=hard -nostartfiles -Wall -Wextra"
Running Make include in ps7_cortexa9_0/libsrc/scuwdt_v2_1/src
make -C ps7_cortexa9_0/libsrc/scuwdt_v2_1/src -s include  "SHELL=/bin/sh" "COMPILER=arm-none-eabi-gcc" "ARCHIVER=arm-none-eabi-ar" "COMPILER_FLAGS=  -O2 -c" "EXTRA_COMPILER_FLAGS=-mcpu=cortex-a9 -mfpu=vfpv3 -mfloat-abi=hard -nostartfiles -Wall -Wextra"
Running Make include in ps7_cortexa9_0/libsrc/xilffs_v3_7/src
make -C ps7_cortexa9_0/libsrc/xilffs_v3_7/src -s include  "SHELL=/bin/sh" "COMPILER=arm-none-eabi-gcc" "ARCHIVER=arm-none-eabi-ar" "COMPILER_FLAGS=  -O2 -c" "EXTRA_COMPILER_FLAGS=-mcpu=cortex-a9 -mfpu=vfpv3 -mfloat-abi=hard -nostartfiles -Wall -Wextra"
Running Make include in ps7_cortexa9_0/libsrc/standalone_v6_5/src
make -C ps7_cortexa9_0/libsrc/standalone_v6_5/src -s include  "SHELL=/bin/sh" "COMPILER=arm-none-eabi-gcc" "ARCHIVER=arm-none-eabi-ar" "COMPILER_FLAGS=  -O2 -c" "EXTRA_COMPILER_FLAGS=-mcpu=cortex-a9 -mfpu=vfpv3 -mfloat-abi=hard -nostartfiles -Wall -Wextra"
Running Make include in ps7_cortexa9_0/libsrc/cpu_cortexa9_v2_5/src
make -C ps7_cortexa9_0/libsrc/cpu_cortexa9_v2_5/src -s include  "SHELL=/bin/sh" "COMPILER=arm-none-eabi-gcc" "ARCHIVER=arm-none-eabi-ar" "COMPILER_FLAGS=  -O2 -c" "EXTRA_COMPILER_FLAGS=-mcpu=cortex-a9 -mfpu=vfpv3 -mfloat-abi=hard -nostartfiles -Wall -Wextra"
Running Make include in ps7_cortexa9_0/libsrc/xadcps_v2_2/src
make -C ps7_cortexa9_0/libsrc/xadcps_v2_2/src -s include  "SHELL=/bin/sh" "COMPILER=arm-none-eabi-gcc" "ARCHIVER=arm-none-eabi-ar" "COMPILER_FLAGS=  -O2 -c" "EXTRA_COMPILER_FLAGS=-mcpu=cortex-a9 -mfpu=vfpv3 -mfloat-abi=hard -nostartfiles -Wall -Wextra"
Running Make include in ps7_cortexa9_0/libsrc/axidma_v9_5/src
make -C ps7_cortexa9_0/libsrc/axidma_v9_5/src -s include  "SHELL=/bin/sh" "COMPILER=arm-none-eabi-gcc" "ARCHIVER=arm-none-eabi-ar" "COMPILER_FLAGS=  -O2 -c" "EXTRA_COMPILER_FLAGS=-mcpu=cortex-a9 -mfpu=vfpv3 -mfloat-abi=hard -nostartfiles -Wall -Wextra"
Running Make include in ps7_cortexa9_0/libsrc/devcfg_v3_5/src
make -C ps7_cortexa9_0/libsrc/devcfg_v3_5/src -s include  "SHELL=/bin/sh" "COMPILER=arm-none-eabi-gcc" "ARCHIVER=arm-none-eabi-ar" "COMPILER_FLAGS=  -O2 -c" "EXTRA_COMPILER_FLAGS=-mcpu=cortex-a9 -mfpu=vfpv3 -mfloat-abi=hard -nostartfiles -Wall -Wextra"
Running Make include in ps7_cortexa9_0/libsrc/sdps_v3_3/src
make -C ps7_cortexa9_0/libsrc/sdps_v3_3/src -s include  "SHELL=/bin/sh" "COMPILER=arm-none-eabi-gcc" "ARCHIVER=arm-none-eabi-ar" "COMPILER_FLAGS=  -O2 -c" "EXTRA_COMPILER_FLAGS=-mcpu=cortex-a9 -mfpu=vfpv3 -mfloat-abi=hard -nostartfiles -Wall -Wextra"
Running Make include in ps7_cortexa9_0/libsrc/emacps_v3_6/src
make -C ps7_cortexa9_0/libsrc/emacps_v3_6/src -s include  "SHELL=/bin/sh" "COMPILER=arm-none-eabi-gcc" "ARCHIVER=arm-none-eabi-ar" "COMPILER_FLAGS=  -O2 -c" "EXTRA_COMPILER_FLAGS=-mcpu=cortex-a9 -mfpu=vfpv3 -mfloat-abi=hard -nostartfiles -Wall -Wextra"
Running Make include in ps7_cortexa9_0/libsrc/sbs_accelerator_v1_0/src
make -C ps7_cortexa9_0/libsrc/sbs_accelerator_v1_0/src -s include  "SHELL=/bin/sh" "COMPILER=arm-none-eabi-gcc" "ARCHIVER=arm-none-eabi-ar" "COMPILER_FLAGS=  -O2 -c" "EXTRA_COMPILER_FLAGS=-mcpu=cortex-a9 -mfpu=vfpv3 -mfloat-abi=hard -nostartfiles -Wall -Wextra"
Running Make include in ps7_cortexa9_0/libsrc/usbps_v2_4/src
make -C ps7_cortexa9_0/libsrc/usbps_v2_4/src -s include  "SHELL=/bin/sh" "COMPILER=arm-none-eabi-gcc" "ARCHIVER=arm-none-eabi-ar" "COMPILER_FLAGS=  -O2 -c" "EXTRA_COMPILER_FLAGS=-mcpu=cortex-a9 -mfpu=vfpv3 -mfloat-abi=hard -nostartfiles -Wall -Wextra"
Running Make include in ps7_cortexa9_0/libsrc/coresightps_dcc_v1_4/src
make -C ps7_cortexa9_0/libsrc/coresightps_dcc_v1_4/src -s include  "SHELL=/bin/sh" "COMPILER=arm-none-eabi-gcc" "ARCHIVER=arm-none-eabi-ar" "COMPILER_FLAGS=  -O2 -c" "EXTRA_COMPILER_FLAGS=-mcpu=cortex-a9 -mfpu=vfpv3 -mfloat-abi=hard -nostartfiles -Wall -Wextra"
Running Make include in ps7_cortexa9_0/libsrc/uartps_v3_5/src
make -C ps7_cortexa9_0/libsrc/uartps_v3_5/src -s include  "SHELL=/bin/sh" "COMPILER=arm-none-eabi-gcc" "ARCHIVER=arm-none-eabi-ar" "COMPILER_FLAGS=  -O2 -c" "EXTRA_COMPILER_FLAGS=-mcpu=cortex-a9 -mfpu=vfpv3 -mfloat-abi=hard -nostartfiles -Wall -Wextra"
Running Make include in ps7_cortexa9_0/libsrc/scutimer_v2_1/src
make -C ps7_cortexa9_0/libsrc/scutimer_v2_1/src -s include  "SHELL=/bin/sh" "COMPILER=arm-none-eabi-gcc" "ARCHIVER=arm-none-eabi-ar" "COMPILER_FLAGS=  -O2 -c" "EXTRA_COMPILER_FLAGS=-mcpu=cortex-a9 -mfpu=vfpv3 -mfloat-abi=hard -nostartfiles -Wall -Wextra"
Running Make libs in ps7_cortexa9_0/libsrc/dmaps_v2_3/src
make -C ps7_cortexa9_0/libsrc/dmaps_v2_3/src -s libs  "SHELL=/bin/sh" "COMPILER=arm-none-eabi-gcc" "ARCHIVER=arm-none-eabi-ar" "COMPILER_FLAGS=  -O2 -c" "EXTRA_COMPILER_FLAGS=-mcpu=cortex-a9 -mfpu=vfpv3 -mfloat-abi=hard -nostartfiles -Wall -Wextra"
Compiling dmaps
arm-none-eabi-ar: creating ../../../lib/libxil.a
Running Make libs in ps7_cortexa9_0/libsrc/ddrps_v1_0/src
make -C ps7_cortexa9_0/libsrc/ddrps_v1_0/src -s libs  "SHELL=/bin/sh" "COMPILER=arm-none-eabi-gcc" "ARCHIVER=arm-none-eabi-ar" "COMPILER_FLAGS=  -O2 -c" "EXTRA_COMPILER_FLAGS=-mcpu=cortex-a9 -mfpu=vfpv3 -mfloat-abi=hard -nostartfiles -Wall -Wextra"
Compiling ddrps
Running Make libs in ps7_cortexa9_0/libsrc/qspips_v3_4/src
make -C ps7_cortexa9_0/libsrc/qspips_v3_4/src -s libs  "SHELL=/bin/sh" "COMPILER=arm-none-eabi-gcc" "ARCHIVER=arm-none-eabi-ar" "COMPILER_FLAGS=  -O2 -c" "EXTRA_COMPILER_FLAGS=-mcpu=cortex-a9 -mfpu=vfpv3 -mfloat-abi=hard -nostartfiles -Wall -Wextra"
Compiling qspips
Running Make libs in ps7_cortexa9_0/libsrc/sbs_spike_50_v1_0/src
make -C ps7_cortexa9_0/libsrc/sbs_spike_50_v1_0/src -s libs  "SHELL=/bin/sh" "COMPILER=arm-none-eabi-gcc" "ARCHIVER=arm-none-eabi-ar" "COMPILER_FLAGS=  -O2 -c" "EXTRA_COMPILER_FLAGS=-mcpu=cortex-a9 -mfpu=vfpv3 -mfloat-abi=hard -nostartfiles -Wall -Wextra"
Compiling sbs_spike_50
Running Make libs in ps7_cortexa9_0/libsrc/xilrsa_v1_4/src
make -C ps7_cortexa9_0/libsrc/xilrsa_v1_4/src -s libs  "SHELL=/bin/sh" "COMPILER=arm-none-eabi-gcc" "ARCHIVER=arm-none-eabi-ar" "COMPILER_FLAGS=  -O2 -c" "EXTRA_COMPILER_FLAGS=-mcpu=cortex-a9 -mfpu=vfpv3 -mfloat-abi=hard -nostartfiles -Wall -Wextra"
Running Make libs in ps7_cortexa9_0/libsrc/gpiops_v3_3/src
make -C ps7_cortexa9_0/libsrc/gpiops_v3_3/src -s libs  "SHELL=/bin/sh" "COMPILER=arm-none-eabi-gcc" "ARCHIVER=arm-none-eabi-ar" "COMPILER_FLAGS=  -O2 -c" "EXTRA_COMPILER_FLAGS=-mcpu=cortex-a9 -mfpu=vfpv3 -mfloat-abi=hard -nostartfiles -Wall -Wextra"
Compiling gpiops
Running Make libs in ps7_cortexa9_0/libsrc/scugic_v3_8/src
make -C ps7_cortexa9_0/libsrc/scugic_v3_8/src -s libs  "SHELL=/bin/sh" "COMPILER=arm-none-eabi-gcc" "ARCHIVER=arm-none-eabi-ar" "COMPILER_FLAGS=  -O2 -c" "EXTRA_COMPILER_FLAGS=-mcpu=cortex-a9 -mfpu=vfpv3 -mfloat-abi=hard -nostartfiles -Wall -Wextra"
Compiling scugic
Running Make libs in ps7_cortexa9_0/libsrc/scuwdt_v2_1/src
make -C ps7_cortexa9_0/libsrc/scuwdt_v2_1/src -s libs  "SHELL=/bin/sh" "COMPILER=arm-none-eabi-gcc" "ARCHIVER=arm-none-eabi-ar" "COMPILER_FLAGS=  -O2 -c" "EXTRA_COMPILER_FLAGS=-mcpu=cortex-a9 -mfpu=vfpv3 -mfloat-abi=hard -nostartfiles -Wall -Wextra"
Compiling scuwdt
Running Make libs in ps7_cortexa9_0/libsrc/xilffs_v3_7/src
make -C ps7_cortexa9_0/libsrc/xilffs_v3_7/src -s libs  "SHELL=/bin/sh" "COMPILER=arm-none-eabi-gcc" "ARCHIVER=arm-none-eabi-ar" "COMPILER_FLAGS=  -O2 -c" "EXTRA_COMPILER_FLAGS=-mcpu=cortex-a9 -mfpu=vfpv3 -mfloat-abi=hard -nostartfiles -Wall -Wextra"
Compiling XilFFs Library
ff.c: In function 'find_volume':
ff.c:2610:4: warning: dereferencing type-punned pointer will break strict-aliasing rules [-Wstrict-aliasing]
    && (LD_DWORD(fs->win+FSI_LeadSig) == 0x41615252U)
    ^~
diskio.c:135:11: warning: 'ExtCsd' defined but not used [-Wunused-variable]
 static u8 ExtCsd[512] __attribute__ ((aligned(32)));
           ^~~~~~
Running Make libs in ps7_cortexa9_0/libsrc/standalone_v6_5/src
make -C ps7_cortexa9_0/libsrc/standalone_v6_5/src -s libs  "SHELL=/bin/sh" "COMPILER=arm-none-eabi-gcc" "ARCHIVER=arm-none-eabi-ar" "COMPILER_FLAGS=  -O2 -c" "EXTRA_COMPILER_FLAGS=-mcpu=cortex-a9 -mfpu=vfpv3 -mfloat-abi=hard -nostartfiles -Wall -Wextra"
Compiling standalone
Running Make libs in ps7_cortexa9_0/libsrc/cpu_cortexa9_v2_5/src
make -C ps7_cortexa9_0/libsrc/cpu_cortexa9_v2_5/src -s libs  "SHELL=/bin/sh" "COMPILER=arm-none-eabi-gcc" "ARCHIVER=arm-none-eabi-ar" "COMPILER_FLAGS=  -O2 -c" "EXTRA_COMPILER_FLAGS=-mcpu=cortex-a9 -mfpu=vfpv3 -mfloat-abi=hard -nostartfiles -Wall -Wextra"
Compiling cpu_cortexa9
Running Make libs in ps7_cortexa9_0/libsrc/xadcps_v2_2/src
make -C ps7_cortexa9_0/libsrc/xadcps_v2_2/src -s libs  "SHELL=/bin/sh" "COMPILER=arm-none-eabi-gcc" "ARCHIVER=arm-none-eabi-ar" "COMPILER_FLAGS=  -O2 -c" "EXTRA_COMPILER_FLAGS=-mcpu=cortex-a9 -mfpu=vfpv3 -mfloat-abi=hard -nostartfiles -Wall -Wextra"
Compiling xadcps
Running Make libs in ps7_cortexa9_0/libsrc/axidma_v9_5/src
make -C ps7_cortexa9_0/libsrc/axidma_v9_5/src -s libs  "SHELL=/bin/sh" "COMPILER=arm-none-eabi-gcc" "ARCHIVER=arm-none-eabi-ar" "COMPILER_FLAGS=  -O2 -c" "EXTRA_COMPILER_FLAGS=-mcpu=cortex-a9 -mfpu=vfpv3 -mfloat-abi=hard -nostartfiles -Wall -Wextra"
Compiling axidma
Running Make libs in ps7_cortexa9_0/libsrc/devcfg_v3_5/src
make -C ps7_cortexa9_0/libsrc/devcfg_v3_5/src -s libs  "SHELL=/bin/sh" "COMPILER=arm-none-eabi-gcc" "ARCHIVER=arm-none-eabi-ar" "COMPILER_FLAGS=  -O2 -c" "EXTRA_COMPILER_FLAGS=-mcpu=cortex-a9 -mfpu=vfpv3 -mfloat-abi=hard -nostartfiles -Wall -Wextra"
Compiling devcfg
Running Make libs in ps7_cortexa9_0/libsrc/sdps_v3_3/src
make -C ps7_cortexa9_0/libsrc/sdps_v3_3/src -s libs  "SHELL=/bin/sh" "COMPILER=arm-none-eabi-gcc" "ARCHIVER=arm-none-eabi-ar" "COMPILER_FLAGS=  -O2 -c" "EXTRA_COMPILER_FLAGS=-mcpu=cortex-a9 -mfpu=vfpv3 -mfloat-abi=hard -nostartfiles -Wall -Wextra"
Compiling sdps
Running Make libs in ps7_cortexa9_0/libsrc/emacps_v3_6/src
make -C ps7_cortexa9_0/libsrc/emacps_v3_6/src -s libs  "SHELL=/bin/sh" "COMPILER=arm-none-eabi-gcc" "ARCHIVER=arm-none-eabi-ar" "COMPILER_FLAGS=  -O2 -c" "EXTRA_COMPILER_FLAGS=-mcpu=cortex-a9 -mfpu=vfpv3 -mfloat-abi=hard -nostartfiles -Wall -Wextra"
Compiling emacps
Running Make libs in ps7_cortexa9_0/libsrc/sbs_accelerator_v1_0/src
make -C ps7_cortexa9_0/libsrc/sbs_accelerator_v1_0/src -s libs  "SHELL=/bin/sh" "COMPILER=arm-none-eabi-gcc" "ARCHIVER=arm-none-eabi-ar" "COMPILER_FLAGS=  -O2 -c" "EXTRA_COMPILER_FLAGS=-mcpu=cortex-a9 -mfpu=vfpv3 -mfloat-abi=hard -nostartfiles -Wall -Wextra"
Compiling sbs_accelerator
Running Make libs in ps7_cortexa9_0/libsrc/usbps_v2_4/src
make -C ps7_cortexa9_0/libsrc/usbps_v2_4/src -s libs  "SHELL=/bin/sh" "COMPILER=arm-none-eabi-gcc" "ARCHIVER=arm-none-eabi-ar" "COMPILER_FLAGS=  -O2 -c" "EXTRA_COMPILER_FLAGS=-mcpu=cortex-a9 -mfpu=vfpv3 -mfloat-abi=hard -nostartfiles -Wall -Wextra"
Compiling usbps
Running Make libs in ps7_cortexa9_0/libsrc/coresightps_dcc_v1_4/src
make -C ps7_cortexa9_0/libsrc/coresightps_dcc_v1_4/src -s libs  "SHELL=/bin/sh" "COMPILER=arm-none-eabi-gcc" "ARCHIVER=arm-none-eabi-ar" "COMPILER_FLAGS=  -O2 -c" "EXTRA_COMPILER_FLAGS=-mcpu=cortex-a9 -mfpu=vfpv3 -mfloat-abi=hard -nostartfiles -Wall -Wextra"
Compiling coresightps_dcc
Running Make libs in ps7_cortexa9_0/libsrc/uartps_v3_5/src
make -C ps7_cortexa9_0/libsrc/uartps_v3_5/src -s libs  "SHELL=/bin/sh" "COMPILER=arm-none-eabi-gcc" "ARCHIVER=arm-none-eabi-ar" "COMPILER_FLAGS=  -O2 -c" "EXTRA_COMPILER_FLAGS=-mcpu=cortex-a9 -mfpu=vfpv3 -mfloat-abi=hard -nostartfiles -Wall -Wextra"
Compiling uartps
Running Make libs in ps7_cortexa9_0/libsrc/scutimer_v2_1/src
make -C ps7_cortexa9_0/libsrc/scutimer_v2_1/src -s libs  "SHELL=/bin/sh" "COMPILER=arm-none-eabi-gcc" "ARCHIVER=arm-none-eabi-ar" "COMPILER_FLAGS=  -O2 -c" "EXTRA_COMPILER_FLAGS=-mcpu=cortex-a9 -mfpu=vfpv3 -mfloat-abi=hard -nostartfiles -Wall -Wextra"
Compiling scutimer
Finished building libraries
16:18:37 **** Build of configuration Debug for project app ****
make pre-build main-build 
a9-linaro-pre-build-step
 
Building file: /home/yarib/work/app-framework-baremetal/libs/utilities/src/eventlogger.c
Invoking: ARM v7 gcc compiler
arm-none-eabi-gcc -DUSE_XILINX -DDEBUG -DMULTIVECTOR_USE_POINTER_ARITHMETICS -Wall -O0 -g3 -I../../bsp/ps7_cortexa9_0/include -I/home/yarib/work/app-framework-baremetal/apps/sbs_app/inc -I/home/yarib/work/app-framework-baremetal/libs/utilities/inc -I/home/yarib/work/app-framework-baremetal/libs/sbs_neural_network/inc -I/home/yarib/work/app-framework-baremetal/libs/sbs_hardware/inc -I/home/yarib/work/app-framework-baremetal/libs/arm/inc -c -fmessage-length=0 -MT"src_utilities/eventlogger.o" -mcpu=cortex-a9 -mfpu=vfpv3 -mfloat-abi=hard -I../../bsp/ps7_cortexa9_0/include -MMD -MP -MF"src_utilities/eventlogger.d" -MT"src_utilities/eventlogger.o" -o "src_utilities/eventlogger.o" "/home/yarib/work/app-framework-baremetal/libs/utilities/src/eventlogger.c"
Finished building: /home/yarib/work/app-framework-baremetal/libs/utilities/src/eventlogger.c
 
Building file: /home/yarib/work/app-framework-baremetal/libs/utilities/src/memory_manager.c
Invoking: ARM v7 gcc compiler
arm-none-eabi-gcc -DUSE_XILINX -DDEBUG -DMULTIVECTOR_USE_POINTER_ARITHMETICS -Wall -O0 -g3 -I../../bsp/ps7_cortexa9_0/include -I/home/yarib/work/app-framework-baremetal/apps/sbs_app/inc -I/home/yarib/work/app-framework-baremetal/libs/utilities/inc -I/home/yarib/work/app-framework-baremetal/libs/sbs_neural_network/inc -I/home/yarib/work/app-framework-baremetal/libs/sbs_hardware/inc -I/home/yarib/work/app-framework-baremetal/libs/arm/inc -c -fmessage-length=0 -MT"src_utilities/memory_manager.o" -mcpu=cortex-a9 -mfpu=vfpv3 -mfloat-abi=hard -I../../bsp/ps7_cortexa9_0/include -MMD -MP -MF"src_utilities/memory_manager.d" -MT"src_utilities/memory_manager.o" -o "src_utilities/memory_manager.o" "/home/yarib/work/app-framework-baremetal/libs/utilities/src/memory_manager.c"
Finished building: /home/yarib/work/app-framework-baremetal/libs/utilities/src/memory_manager.c
 
Building file: /home/yarib/work/app-framework-baremetal/libs/utilities/src/miscellaneous.c
Invoking: ARM v7 gcc compiler
arm-none-eabi-gcc -DUSE_XILINX -DDEBUG -DMULTIVECTOR_USE_POINTER_ARITHMETICS -Wall -O0 -g3 -I../../bsp/ps7_cortexa9_0/include -I/home/yarib/work/app-framework-baremetal/apps/sbs_app/inc -I/home/yarib/work/app-framework-baremetal/libs/utilities/inc -I/home/yarib/work/app-framework-baremetal/libs/sbs_neural_network/inc -I/home/yarib/work/app-framework-baremetal/libs/sbs_hardware/inc -I/home/yarib/work/app-framework-baremetal/libs/arm/inc -c -fmessage-length=0 -MT"src_utilities/miscellaneous.o" -mcpu=cortex-a9 -mfpu=vfpv3 -mfloat-abi=hard -I../../bsp/ps7_cortexa9_0/include -MMD -MP -MF"src_utilities/miscellaneous.d" -MT"src_utilities/miscellaneous.o" -o "src_utilities/miscellaneous.o" "/home/yarib/work/app-framework-baremetal/libs/utilities/src/miscellaneous.c"
Finished building: /home/yarib/work/app-framework-baremetal/libs/utilities/src/miscellaneous.c
 
Building file: /home/yarib/work/app-framework-baremetal/libs/utilities/src/mt19937int.c
Invoking: ARM v7 gcc compiler
arm-none-eabi-gcc -DUSE_XILINX -DDEBUG -DMULTIVECTOR_USE_POINTER_ARITHMETICS -Wall -O0 -g3 -I../../bsp/ps7_cortexa9_0/include -I/home/yarib/work/app-framework-baremetal/apps/sbs_app/inc -I/home/yarib/work/app-framework-baremetal/libs/utilities/inc -I/home/yarib/work/app-framework-baremetal/libs/sbs_neural_network/inc -I/home/yarib/work/app-framework-baremetal/libs/sbs_hardware/inc -I/home/yarib/work/app-framework-baremetal/libs/arm/inc -c -fmessage-length=0 -MT"src_utilities/mt19937int.o" -mcpu=cortex-a9 -mfpu=vfpv3 -mfloat-abi=hard -I../../bsp/ps7_cortexa9_0/include -MMD -MP -MF"src_utilities/mt19937int.d" -MT"src_utilities/mt19937int.o" -o "src_utilities/mt19937int.o" "/home/yarib/work/app-framework-baremetal/libs/utilities/src/mt19937int.c"
Finished building: /home/yarib/work/app-framework-baremetal/libs/utilities/src/mt19937int.c
 
Building file: /home/yarib/work/app-framework-baremetal/libs/utilities/src/multivector.c
Invoking: ARM v7 gcc compiler
arm-none-eabi-gcc -DUSE_XILINX -DDEBUG -DMULTIVECTOR_USE_POINTER_ARITHMETICS -Wall -O0 -g3 -I../../bsp/ps7_cortexa9_0/include -I/home/yarib/work/app-framework-baremetal/apps/sbs_app/inc -I/home/yarib/work/app-framework-baremetal/libs/utilities/inc -I/home/yarib/work/app-framework-baremetal/libs/sbs_neural_network/inc -I/home/yarib/work/app-framework-baremetal/libs/sbs_hardware/inc -I/home/yarib/work/app-framework-baremetal/libs/arm/inc -c -fmessage-length=0 -MT"src_utilities/multivector.o" -mcpu=cortex-a9 -mfpu=vfpv3 -mfloat-abi=hard -I../../bsp/ps7_cortexa9_0/include -MMD -MP -MF"src_utilities/multivector.d" -MT"src_utilities/multivector.o" -o "src_utilities/multivector.o" "/home/yarib/work/app-framework-baremetal/libs/utilities/src/multivector.c"
Finished building: /home/yarib/work/app-framework-baremetal/libs/utilities/src/multivector.c
 
Building file: /home/yarib/work/app-framework-baremetal/libs/utilities/src/serialport.c
Invoking: ARM v7 gcc compiler
arm-none-eabi-gcc -DUSE_XILINX -DDEBUG -DMULTIVECTOR_USE_POINTER_ARITHMETICS -Wall -O0 -g3 -I../../bsp/ps7_cortexa9_0/include -I/home/yarib/work/app-framework-baremetal/apps/sbs_app/inc -I/home/yarib/work/app-framework-baremetal/libs/utilities/inc -I/home/yarib/work/app-framework-baremetal/libs/sbs_neural_network/inc -I/home/yarib/work/app-framework-baremetal/libs/sbs_hardware/inc -I/home/yarib/work/app-framework-baremetal/libs/arm/inc -c -fmessage-length=0 -MT"src_utilities/serialport.o" -mcpu=cortex-a9 -mfpu=vfpv3 -mfloat-abi=hard -I../../bsp/ps7_cortexa9_0/include -MMD -MP -MF"src_utilities/serialport.d" -MT"src_utilities/serialport.o" -o "src_utilities/serialport.o" "/home/yarib/work/app-framework-baremetal/libs/utilities/src/serialport.c"
Finished building: /home/yarib/work/app-framework-baremetal/libs/utilities/src/serialport.c
 
Building file: /home/yarib/work/app-framework-baremetal/libs/utilities/src/timer.c
Invoking: ARM v7 gcc compiler
arm-none-eabi-gcc -DUSE_XILINX -DDEBUG -DMULTIVECTOR_USE_POINTER_ARITHMETICS -Wall -O0 -g3 -I../../bsp/ps7_cortexa9_0/include -I/home/yarib/work/app-framework-baremetal/apps/sbs_app/inc -I/home/yarib/work/app-framework-baremetal/libs/utilities/inc -I/home/yarib/work/app-framework-baremetal/libs/sbs_neural_network/inc -I/home/yarib/work/app-framework-baremetal/libs/sbs_hardware/inc -I/home/yarib/work/app-framework-baremetal/libs/arm/inc -c -fmessage-length=0 -MT"src_utilities/timer.o" -mcpu=cortex-a9 -mfpu=vfpv3 -mfloat-abi=hard -I../../bsp/ps7_cortexa9_0/include -MMD -MP -MF"src_utilities/timer.d" -MT"src_utilities/timer.o" -o "src_utilities/timer.o" "/home/yarib/work/app-framework-baremetal/libs/utilities/src/timer.c"
Finished building: /home/yarib/work/app-framework-baremetal/libs/utilities/src/timer.c
 
Building file: /home/yarib/work/app-framework-baremetal/libs/utilities/src/toolcom.c
Invoking: ARM v7 gcc compiler
arm-none-eabi-gcc -DUSE_XILINX -DDEBUG -DMULTIVECTOR_USE_POINTER_ARITHMETICS -Wall -O0 -g3 -I../../bsp/ps7_cortexa9_0/include -I/home/yarib/work/app-framework-baremetal/apps/sbs_app/inc -I/home/yarib/work/app-framework-baremetal/libs/utilities/inc -I/home/yarib/work/app-framework-baremetal/libs/sbs_neural_network/inc -I/home/yarib/work/app-framework-baremetal/libs/sbs_hardware/inc -I/home/yarib/work/app-framework-baremetal/libs/arm/inc -c -fmessage-length=0 -MT"src_utilities/toolcom.o" -mcpu=cortex-a9 -mfpu=vfpv3 -mfloat-abi=hard -I../../bsp/ps7_cortexa9_0/include -MMD -MP -MF"src_utilities/toolcom.d" -MT"src_utilities/toolcom.o" -o "src_utilities/toolcom.o" "/home/yarib/work/app-framework-baremetal/libs/utilities/src/toolcom.c"
Finished building: /home/yarib/work/app-framework-baremetal/libs/utilities/src/toolcom.c
 
Building file: /home/yarib/work/app-framework-baremetal/libs/sbs_neural_network/src/sbs_neural_network.c
Invoking: ARM v7 gcc compiler
arm-none-eabi-gcc -DUSE_XILINX -DDEBUG -DMULTIVECTOR_USE_POINTER_ARITHMETICS -Wall -O0 -g3 -I../../bsp/ps7_cortexa9_0/include -I/home/yarib/work/app-framework-baremetal/apps/sbs_app/inc -I/home/yarib/work/app-framework-baremetal/libs/utilities/inc -I/home/yarib/work/app-framework-baremetal/libs/sbs_neural_network/inc -I/home/yarib/work/app-framework-baremetal/libs/sbs_hardware/inc -I/home/yarib/work/app-framework-baremetal/libs/arm/inc -c -fmessage-length=0 -MT"src_sbs/sbs_neural_network.o" -mcpu=cortex-a9 -mfpu=vfpv3 -mfloat-abi=hard -I../../bsp/ps7_cortexa9_0/include -MMD -MP -MF"src_sbs/sbs_neural_network.d" -MT"src_sbs/sbs_neural_network.o" -o "src_sbs/sbs_neural_network.o" "/home/yarib/work/app-framework-baremetal/libs/sbs_neural_network/src/sbs_neural_network.c"
In file included from ../../bsp/ps7_cortexa9_0/include/xaxidma_bd.h:119:0,
                 from ../../bsp/ps7_cortexa9_0/include/xaxidma_bdring.h:86,
                 from ../../bsp/ps7_cortexa9_0/include/xaxidma.h:488,
                 from /home/yarib/work/app-framework-baremetal/libs/sbs_hardware/inc/dma_hardware.h:21,
                 from /home/yarib/work/app-framework-baremetal/libs/sbs_hardware/inc/sbs_processing_unit.h:20,
                 from /home/yarib/work/app-framework-baremetal/libs/sbs_neural_network/inc/sbs_neural_network.h:18,
                 from /home/yarib/work/app-framework-baremetal/libs/sbs_neural_network/src/sbs_neural_network.c:23:
../../bsp/ps7_cortexa9_0/include/xdebug.h:41:2: warning: #warning DEBUG is enabled [-Wcpp]
 #warning DEBUG is enabled
  ^~~~~~~
/home/yarib/work/app-framework-baremetal/libs/sbs_neural_network/src/sbs_neural_network.c: In function 'SbsBaseLayer_update':
/home/yarib/work/app-framework-baremetal/libs/sbs_neural_network/src/sbs_neural_network.c:1110:70: warning: passing argument 2 of 'Accelerator_giveStateVector' from incompatible pointer type [-Wincompatible-pointer-types]
           Accelerator_giveStateVector (update_partition_accelerator, state_vector);
                                                                      ^~~~~~~~~~~~
In file included from /home/yarib/work/app-framework-baremetal/libs/sbs_neural_network/inc/sbs_neural_network.h:18:0,
                 from /home/yarib/work/app-framework-baremetal/libs/sbs_neural_network/src/sbs_neural_network.c:23:
/home/yarib/work/app-framework-baremetal/libs/sbs_hardware/inc/sbs_processing_unit.h:144:6: note: expected 'uint32_t * {aka long unsigned int *}' but argument is of type 'NeuronState * {aka float *}'
 void Accelerator_giveStateVector (SbSUpdateAccelerator * accelerator,
      ^~~~~~~~~~~~~~~~~~~~~~~~~~~
Finished building: /home/yarib/work/app-framework-baremetal/libs/sbs_neural_network/src/sbs_neural_network.c
 
Building file: /home/yarib/work/app-framework-baremetal/libs/sbs_hardware/src/dma_hardware.c
Invoking: ARM v7 gcc compiler
arm-none-eabi-gcc -DUSE_XILINX -DDEBUG -DMULTIVECTOR_USE_POINTER_ARITHMETICS -Wall -O0 -g3 -I../../bsp/ps7_cortexa9_0/include -I/home/yarib/work/app-framework-baremetal/apps/sbs_app/inc -I/home/yarib/work/app-framework-baremetal/libs/utilities/inc -I/home/yarib/work/app-framework-baremetal/libs/sbs_neural_network/inc -I/home/yarib/work/app-framework-baremetal/libs/sbs_hardware/inc -I/home/yarib/work/app-framework-baremetal/libs/arm/inc -c -fmessage-length=0 -MT"src_hw/dma_hardware.o" -mcpu=cortex-a9 -mfpu=vfpv3 -mfloat-abi=hard -I../../bsp/ps7_cortexa9_0/include -MMD -MP -MF"src_hw/dma_hardware.d" -MT"src_hw/dma_hardware.o" -o "src_hw/dma_hardware.o" "/home/yarib/work/app-framework-baremetal/libs/sbs_hardware/src/dma_hardware.c"
In file included from ../../bsp/ps7_cortexa9_0/include/xaxidma_bd.h:119:0,
                 from ../../bsp/ps7_cortexa9_0/include/xaxidma_bdring.h:86,
                 from ../../bsp/ps7_cortexa9_0/include/xaxidma.h:488,
                 from /home/yarib/work/app-framework-baremetal/libs/sbs_hardware/inc/dma_hardware.h:21,
                 from /home/yarib/work/app-framework-baremetal/libs/sbs_hardware/src/dma_hardware.c:8:
../../bsp/ps7_cortexa9_0/include/xdebug.h:41:2: warning: #warning DEBUG is enabled [-Wcpp]
 #warning DEBUG is enabled
  ^~~~~~~
Finished building: /home/yarib/work/app-framework-baremetal/libs/sbs_hardware/src/dma_hardware.c
 
Building file: /home/yarib/work/app-framework-baremetal/libs/sbs_hardware/src/dma_hardware_mover.c
Invoking: ARM v7 gcc compiler
arm-none-eabi-gcc -DUSE_XILINX -DDEBUG -DMULTIVECTOR_USE_POINTER_ARITHMETICS -Wall -O0 -g3 -I../../bsp/ps7_cortexa9_0/include -I/home/yarib/work/app-framework-baremetal/apps/sbs_app/inc -I/home/yarib/work/app-framework-baremetal/libs/utilities/inc -I/home/yarib/work/app-framework-baremetal/libs/sbs_neural_network/inc -I/home/yarib/work/app-framework-baremetal/libs/sbs_hardware/inc -I/home/yarib/work/app-framework-baremetal/libs/arm/inc -c -fmessage-length=0 -MT"src_hw/dma_hardware_mover.o" -mcpu=cortex-a9 -mfpu=vfpv3 -mfloat-abi=hard -I../../bsp/ps7_cortexa9_0/include -MMD -MP -MF"src_hw/dma_hardware_mover.d" -MT"src_hw/dma_hardware_mover.o" -o "src_hw/dma_hardware_mover.o" "/home/yarib/work/app-framework-baremetal/libs/sbs_hardware/src/dma_hardware_mover.c"
In file included from ../../bsp/ps7_cortexa9_0/include/xaxidma_bd.h:119:0,
                 from ../../bsp/ps7_cortexa9_0/include/xaxidma_bdring.h:86,
                 from ../../bsp/ps7_cortexa9_0/include/xaxidma.h:488,
                 from /home/yarib/work/app-framework-baremetal/libs/sbs_hardware/inc/dma_hardware.h:21,
                 from /home/yarib/work/app-framework-baremetal/libs/sbs_hardware/inc/dma_hardware_mover.h:15,
                 from /home/yarib/work/app-framework-baremetal/libs/sbs_hardware/src/dma_hardware_mover.c:8:
../../bsp/ps7_cortexa9_0/include/xdebug.h:41:2: warning: #warning DEBUG is enabled [-Wcpp]
 #warning DEBUG is enabled
  ^~~~~~~
Finished building: /home/yarib/work/app-framework-baremetal/libs/sbs_hardware/src/dma_hardware_mover.c
 
Building file: /home/yarib/work/app-framework-baremetal/libs/sbs_hardware/src/sbs_hardware.c
Invoking: ARM v7 gcc compiler
arm-none-eabi-gcc -DUSE_XILINX -DDEBUG -DMULTIVECTOR_USE_POINTER_ARITHMETICS -Wall -O0 -g3 -I../../bsp/ps7_cortexa9_0/include -I/home/yarib/work/app-framework-baremetal/apps/sbs_app/inc -I/home/yarib/work/app-framework-baremetal/libs/utilities/inc -I/home/yarib/work/app-framework-baremetal/libs/sbs_neural_network/inc -I/home/yarib/work/app-framework-baremetal/libs/sbs_hardware/inc -I/home/yarib/work/app-framework-baremetal/libs/arm/inc -c -fmessage-length=0 -MT"src_hw/sbs_hardware.o" -mcpu=cortex-a9 -mfpu=vfpv3 -mfloat-abi=hard -I../../bsp/ps7_cortexa9_0/include -MMD -MP -MF"src_hw/sbs_hardware.d" -MT"src_hw/sbs_hardware.o" -o "src_hw/sbs_hardware.o" "/home/yarib/work/app-framework-baremetal/libs/sbs_hardware/src/sbs_hardware.c"
Finished building: /home/yarib/work/app-framework-baremetal/libs/sbs_hardware/src/sbs_hardware.c
 
Building file: /home/yarib/work/app-framework-baremetal/libs/sbs_hardware/src/sbs_hardware_emulator.c
Invoking: ARM v7 gcc compiler
arm-none-eabi-gcc -DUSE_XILINX -DDEBUG -DMULTIVECTOR_USE_POINTER_ARITHMETICS -Wall -O0 -g3 -I../../bsp/ps7_cortexa9_0/include -I/home/yarib/work/app-framework-baremetal/apps/sbs_app/inc -I/home/yarib/work/app-framework-baremetal/libs/utilities/inc -I/home/yarib/work/app-framework-baremetal/libs/sbs_neural_network/inc -I/home/yarib/work/app-framework-baremetal/libs/sbs_hardware/inc -I/home/yarib/work/app-framework-baremetal/libs/arm/inc -c -fmessage-length=0 -MT"src_hw/sbs_hardware_emulator.o" -mcpu=cortex-a9 -mfpu=vfpv3 -mfloat-abi=hard -I../../bsp/ps7_cortexa9_0/include -MMD -MP -MF"src_hw/sbs_hardware_emulator.d" -MT"src_hw/sbs_hardware_emulator.o" -o "src_hw/sbs_hardware_emulator.o" "/home/yarib/work/app-framework-baremetal/libs/sbs_hardware/src/sbs_hardware_emulator.c"
In file included from ../../bsp/ps7_cortexa9_0/include/xaxidma_bd.h:119:0,
                 from ../../bsp/ps7_cortexa9_0/include/xaxidma_bdring.h:86,
                 from ../../bsp/ps7_cortexa9_0/include/xaxidma.h:488,
                 from /home/yarib/work/app-framework-baremetal/libs/sbs_hardware/inc/dma_hardware.h:21,
                 from /home/yarib/work/app-framework-baremetal/libs/sbs_hardware/inc/sbs_hardware_emulator.h:16,
                 from /home/yarib/work/app-framework-baremetal/libs/sbs_hardware/src/sbs_hardware_emulator.c:8:
../../bsp/ps7_cortexa9_0/include/xdebug.h:41:2: warning: #warning DEBUG is enabled [-Wcpp]
 #warning DEBUG is enabled
  ^~~~~~~
/home/yarib/work/app-framework-baremetal/libs/sbs_hardware/src/sbs_hardware_emulator.c: In function 'sbs_fixedpoint':
/home/yarib/work/app-framework-baremetal/libs/sbs_hardware/src/sbs_hardware_emulator.c:148:0: warning: ignoring #pragma HLS pipeline [-Wunknown-pragmas]
 #pragma HLS pipeline
 
/home/yarib/work/app-framework-baremetal/libs/sbs_hardware/src/sbs_hardware_emulator.c:162:0: warning: ignoring #pragma HLS pipeline [-Wunknown-pragmas]
 #pragma HLS pipeline
 
/home/yarib/work/app-framework-baremetal/libs/sbs_hardware/src/sbs_hardware_emulator.c:176:0: warning: ignoring #pragma HLS pipeline [-Wunknown-pragmas]
 #pragma HLS pipeline
 
/home/yarib/work/app-framework-baremetal/libs/sbs_hardware/src/sbs_hardware_emulator.c:181:0: warning: ignoring #pragma HLS pipeline [-Wunknown-pragmas]
 #pragma HLS pipeline
 
/home/yarib/work/app-framework-baremetal/libs/sbs_hardware/src/sbs_hardware_emulator.c:199:0: warning: ignoring #pragma HLS pipeline [-Wunknown-pragmas]
 #pragma HLS pipeline
 
/home/yarib/work/app-framework-baremetal/libs/sbs_hardware/src/sbs_hardware_emulator.c:204:0: warning: ignoring #pragma HLS pipeline [-Wunknown-pragmas]
 #pragma HLS pipeline
 
/home/yarib/work/app-framework-baremetal/libs/sbs_hardware/src/sbs_hardware_emulator.c:218:0: warning: ignoring #pragma HLS pipeline [-Wunknown-pragmas]
 #pragma HLS pipeline
 
/home/yarib/work/app-framework-baremetal/libs/sbs_hardware/src/sbs_hardware_emulator.c:226:0: warning: ignoring #pragma HLS pipeline [-Wunknown-pragmas]
 #pragma HLS pipeline
 
/home/yarib/work/app-framework-baremetal/libs/sbs_hardware/src/sbs_hardware_emulator.c:134:23: warning: unused variable 'spike_index' [-Wunused-variable]
   static unsigned int spike_index;
                       ^~~~~~~~~~~
At top level:
/home/yarib/work/app-framework-baremetal/libs/sbs_hardware/src/sbs_hardware_emulator.c:134:23: warning: 'spike_index' defined but not used [-Wunused-variable]
Finished building: /home/yarib/work/app-framework-baremetal/libs/sbs_hardware/src/sbs_hardware_emulator.c
 
Building file: /home/yarib/work/app-framework-baremetal/libs/sbs_hardware/src/sbs_hardware_spike.c
Invoking: ARM v7 gcc compiler
arm-none-eabi-gcc -DUSE_XILINX -DDEBUG -DMULTIVECTOR_USE_POINTER_ARITHMETICS -Wall -O0 -g3 -I../../bsp/ps7_cortexa9_0/include -I/home/yarib/work/app-framework-baremetal/apps/sbs_app/inc -I/home/yarib/work/app-framework-baremetal/libs/utilities/inc -I/home/yarib/work/app-framework-baremetal/libs/sbs_neural_network/inc -I/home/yarib/work/app-framework-baremetal/libs/sbs_hardware/inc -I/home/yarib/work/app-framework-baremetal/libs/arm/inc -c -fmessage-length=0 -MT"src_hw/sbs_hardware_spike.o" -mcpu=cortex-a9 -mfpu=vfpv3 -mfloat-abi=hard -I../../bsp/ps7_cortexa9_0/include -MMD -MP -MF"src_hw/sbs_hardware_spike.d" -MT"src_hw/sbs_hardware_spike.o" -o "src_hw/sbs_hardware_spike.o" "/home/yarib/work/app-framework-baremetal/libs/sbs_hardware/src/sbs_hardware_spike.c"
Finished building: /home/yarib/work/app-framework-baremetal/libs/sbs_hardware/src/sbs_hardware_spike.c
 
Building file: /home/yarib/work/app-framework-baremetal/libs/sbs_hardware/src/sbs_hardware_update.c
Invoking: ARM v7 gcc compiler
arm-none-eabi-gcc -DUSE_XILINX -DDEBUG -DMULTIVECTOR_USE_POINTER_ARITHMETICS -Wall -O0 -g3 -I../../bsp/ps7_cortexa9_0/include -I/home/yarib/work/app-framework-baremetal/apps/sbs_app/inc -I/home/yarib/work/app-framework-baremetal/libs/utilities/inc -I/home/yarib/work/app-framework-baremetal/libs/sbs_neural_network/inc -I/home/yarib/work/app-framework-baremetal/libs/sbs_hardware/inc -I/home/yarib/work/app-framework-baremetal/libs/arm/inc -c -fmessage-length=0 -MT"src_hw/sbs_hardware_update.o" -mcpu=cortex-a9 -mfpu=vfpv3 -mfloat-abi=hard -I../../bsp/ps7_cortexa9_0/include -MMD -MP -MF"src_hw/sbs_hardware_update.d" -MT"src_hw/sbs_hardware_update.o" -o "src_hw/sbs_hardware_update.o" "/home/yarib/work/app-framework-baremetal/libs/sbs_hardware/src/sbs_hardware_update.c"
Finished building: /home/yarib/work/app-framework-baremetal/libs/sbs_hardware/src/sbs_hardware_update.c
 
Building file: /home/yarib/work/app-framework-baremetal/libs/sbs_hardware/src/sbs_processing_unit.c
Invoking: ARM v7 gcc compiler
arm-none-eabi-gcc -DUSE_XILINX -DDEBUG -DMULTIVECTOR_USE_POINTER_ARITHMETICS -Wall -O0 -g3 -I../../bsp/ps7_cortexa9_0/include -I/home/yarib/work/app-framework-baremetal/apps/sbs_app/inc -I/home/yarib/work/app-framework-baremetal/libs/utilities/inc -I/home/yarib/work/app-framework-baremetal/libs/sbs_neural_network/inc -I/home/yarib/work/app-framework-baremetal/libs/sbs_hardware/inc -I/home/yarib/work/app-framework-baremetal/libs/arm/inc -c -fmessage-length=0 -MT"src_hw/sbs_processing_unit.o" -mcpu=cortex-a9 -mfpu=vfpv3 -mfloat-abi=hard -I../../bsp/ps7_cortexa9_0/include -MMD -MP -MF"src_hw/sbs_processing_unit.d" -MT"src_hw/sbs_processing_unit.o" -o "src_hw/sbs_processing_unit.o" "/home/yarib/work/app-framework-baremetal/libs/sbs_hardware/src/sbs_processing_unit.c"
In file included from ../../bsp/ps7_cortexa9_0/include/xaxidma_bd.h:119:0,
                 from ../../bsp/ps7_cortexa9_0/include/xaxidma_bdring.h:86,
                 from ../../bsp/ps7_cortexa9_0/include/xaxidma.h:488,
                 from /home/yarib/work/app-framework-baremetal/libs/sbs_hardware/inc/dma_hardware.h:21,
                 from /home/yarib/work/app-framework-baremetal/libs/sbs_hardware/inc/sbs_processing_unit.h:20,
                 from /home/yarib/work/app-framework-baremetal/libs/sbs_hardware/src/sbs_processing_unit.c:8:
../../bsp/ps7_cortexa9_0/include/xdebug.h:41:2: warning: #warning DEBUG is enabled [-Wcpp]
 #warning DEBUG is enabled
  ^~~~~~~
Finished building: /home/yarib/work/app-framework-baremetal/libs/sbs_hardware/src/sbs_processing_unit.c
 
Building file: /home/yarib/work/app-framework-baremetal/libs/arm/src/gic.c
Invoking: ARM v7 gcc compiler
arm-none-eabi-gcc -DUSE_XILINX -DDEBUG -DMULTIVECTOR_USE_POINTER_ARITHMETICS -Wall -O0 -g3 -I../../bsp/ps7_cortexa9_0/include -I/home/yarib/work/app-framework-baremetal/apps/sbs_app/inc -I/home/yarib/work/app-framework-baremetal/libs/utilities/inc -I/home/yarib/work/app-framework-baremetal/libs/sbs_neural_network/inc -I/home/yarib/work/app-framework-baremetal/libs/sbs_hardware/inc -I/home/yarib/work/app-framework-baremetal/libs/arm/inc -c -fmessage-length=0 -MT"src_arm/gic.o" -mcpu=cortex-a9 -mfpu=vfpv3 -mfloat-abi=hard -I../../bsp/ps7_cortexa9_0/include -MMD -MP -MF"src_arm/gic.d" -MT"src_arm/gic.o" -o "src_arm/gic.o" "/home/yarib/work/app-framework-baremetal/libs/arm/src/gic.c"
Finished building: /home/yarib/work/app-framework-baremetal/libs/arm/src/gic.c
 
Building file: /home/yarib/work/app-framework-baremetal/apps/sbs_app/src/main.c
Invoking: ARM v7 gcc compiler
arm-none-eabi-gcc -DUSE_XILINX -DDEBUG -DMULTIVECTOR_USE_POINTER_ARITHMETICS -Wall -O0 -g3 -I../../bsp/ps7_cortexa9_0/include -I/home/yarib/work/app-framework-baremetal/apps/sbs_app/inc -I/home/yarib/work/app-framework-baremetal/libs/utilities/inc -I/home/yarib/work/app-framework-baremetal/libs/sbs_neural_network/inc -I/home/yarib/work/app-framework-baremetal/libs/sbs_hardware/inc -I/home/yarib/work/app-framework-baremetal/libs/arm/inc -c -fmessage-length=0 -MT"src_app/main.o" -mcpu=cortex-a9 -mfpu=vfpv3 -mfloat-abi=hard -I../../bsp/ps7_cortexa9_0/include -MMD -MP -MF"src_app/main.d" -MT"src_app/main.o" -o "src_app/main.o" "/home/yarib/work/app-framework-baremetal/apps/sbs_app/src/main.c"
Finished building: /home/yarib/work/app-framework-baremetal/apps/sbs_app/src/main.c
 
Building file: /home/yarib/work/app-framework-baremetal/apps/sbs_app/src/sbs_app.c
Invoking: ARM v7 gcc compiler
arm-none-eabi-gcc -DUSE_XILINX -DDEBUG -DMULTIVECTOR_USE_POINTER_ARITHMETICS -Wall -O0 -g3 -I../../bsp/ps7_cortexa9_0/include -I/home/yarib/work/app-framework-baremetal/apps/sbs_app/inc -I/home/yarib/work/app-framework-baremetal/libs/utilities/inc -I/home/yarib/work/app-framework-baremetal/libs/sbs_neural_network/inc -I/home/yarib/work/app-framework-baremetal/libs/sbs_hardware/inc -I/home/yarib/work/app-framework-baremetal/libs/arm/inc -c -fmessage-length=0 -MT"src_app/sbs_app.o" -mcpu=cortex-a9 -mfpu=vfpv3 -mfloat-abi=hard -I../../bsp/ps7_cortexa9_0/include -MMD -MP -MF"src_app/sbs_app.d" -MT"src_app/sbs_app.o" -o "src_app/sbs_app.o" "/home/yarib/work/app-framework-baremetal/apps/sbs_app/src/sbs_app.c"
In file included from ../../bsp/ps7_cortexa9_0/include/xaxidma_bd.h:119:0,
                 from ../../bsp/ps7_cortexa9_0/include/xaxidma_bdring.h:86,
                 from ../../bsp/ps7_cortexa9_0/include/xaxidma.h:488,
                 from /home/yarib/work/app-framework-baremetal/libs/sbs_hardware/inc/dma_hardware.h:21,
                 from /home/yarib/work/app-framework-baremetal/libs/sbs_hardware/inc/sbs_processing_unit.h:20,
                 from /home/yarib/work/app-framework-baremetal/libs/sbs_neural_network/inc/sbs_neural_network.h:18,
                 from /home/yarib/work/app-framework-baremetal/apps/sbs_app/src/sbs_app.c:23:
../../bsp/ps7_cortexa9_0/include/xdebug.h:41:2: warning: #warning DEBUG is enabled [-Wcpp]
 #warning DEBUG is enabled
  ^~~~~~~
Finished building: /home/yarib/work/app-framework-baremetal/apps/sbs_app/src/sbs_app.c
 
Building target: app.elf
Invoking: ARM v7 gcc linker
arm-none-eabi-gcc -mcpu=cortex-a9 -mfpu=vfpv3 -mfloat-abi=hard -Wl,-build-id=none -specs=Xilinx.spec -Wl,-T -Wl,../src/lscript.ld -L../../bsp/ps7_cortexa9_0/lib -o "app.elf"  ./src_utilities/eventlogger.o ./src_utilities/memory_manager.o ./src_utilities/miscellaneous.o ./src_utilities/mt19937int.o ./src_utilities/multivector.o ./src_utilities/serialport.o ./src_utilities/timer.o ./src_utilities/toolcom.o  ./src_sbs/sbs_neural_network.o  ./src_hw/dma_hardware.o ./src_hw/dma_hardware_mover.o ./src_hw/sbs_hardware.o ./src_hw/sbs_hardware_emulator.o ./src_hw/sbs_hardware_spike.o ./src_hw/sbs_hardware_update.o ./src_hw/sbs_processing_unit.o  ./src_arm/gic.o  ./src_app/main.o ./src_app/sbs_app.o   -Wl,--start-group,-lxil,-lgcc,-lc,--end-group -Wl,--start-group,-lxilffs,-lxil,-lgcc,-lc,--end-group -Wl,--start-group,-lrsa,-lxil,-lgcc,-lc,--end-group
Finished building target: app.elf
 
Invoking: ARM v7 Print Size
arm-none-eabi-size app.elf  |tee "app.elf.size"
   text	   data	    bss	    dec	    hex	filename
 191932	   5756	33605024	33802712	203c9d8	app.elf
Finished building: app.elf.size
 
16:18:43 **** Build of configuration Debug for project fsbl ****
make pre-build main-build 
a9-linaro-pre-build-step
 
Building file: ../src/fsbl_handoff.S
Invoking: ARM v7 gcc compiler
arm-none-eabi-gcc -Wall -O0 -g3 -I"/home/yarib/work/vivado/sbs_custom_float/sbs_custom_float.sdk/platform_wrapper_hw_platform_0" -c -fmessage-length=0 -MT"src/fsbl_handoff.o" -mcpu=cortex-a9 -mfpu=vfpv3 -mfloat-abi=hard -I../../bsp/ps7_cortexa9_0/include -MMD -MP -MF"src/fsbl_handoff.d" -MT"src/fsbl_handoff.o" -o "src/fsbl_handoff.o" "../src/fsbl_handoff.S"
Finished building: ../src/fsbl_handoff.S
 
Building file: ../src/fsbl_hooks.c
Invoking: ARM v7 gcc compiler
arm-none-eabi-gcc -Wall -O0 -g3 -I"/home/yarib/work/vivado/sbs_custom_float/sbs_custom_float.sdk/platform_wrapper_hw_platform_0" -c -fmessage-length=0 -MT"src/fsbl_hooks.o" -mcpu=cortex-a9 -mfpu=vfpv3 -mfloat-abi=hard -I../../bsp/ps7_cortexa9_0/include -MMD -MP -MF"src/fsbl_hooks.d" -MT"src/fsbl_hooks.o" -o "src/fsbl_hooks.o" "../src/fsbl_hooks.c"
Finished building: ../src/fsbl_hooks.c
 
Building file: ../src/image_mover.c
Invoking: ARM v7 gcc compiler
arm-none-eabi-gcc -Wall -O0 -g3 -I"/home/yarib/work/vivado/sbs_custom_float/sbs_custom_float.sdk/platform_wrapper_hw_platform_0" -c -fmessage-length=0 -MT"src/image_mover.o" -mcpu=cortex-a9 -mfpu=vfpv3 -mfloat-abi=hard -I../../bsp/ps7_cortexa9_0/include -MMD -MP -MF"src/image_mover.d" -MT"src/image_mover.o" -o "src/image_mover.o" "../src/image_mover.c"
Finished building: ../src/image_mover.c
 
Building file: ../src/main.c
Invoking: ARM v7 gcc compiler
arm-none-eabi-gcc -Wall -O0 -g3 -I"/home/yarib/work/vivado/sbs_custom_float/sbs_custom_float.sdk/platform_wrapper_hw_platform_0" -c -fmessage-length=0 -MT"src/main.o" -mcpu=cortex-a9 -mfpu=vfpv3 -mfloat-abi=hard -I../../bsp/ps7_cortexa9_0/include -MMD -MP -MF"src/main.d" -MT"src/main.o" -o "src/main.o" "../src/main.c"
Finished building: ../src/main.c
 
Building file: ../src/md5.c
Invoking: ARM v7 gcc compiler
arm-none-eabi-gcc -Wall -O0 -g3 -I"/home/yarib/work/vivado/sbs_custom_float/sbs_custom_float.sdk/platform_wrapper_hw_platform_0" -c -fmessage-length=0 -MT"src/md5.o" -mcpu=cortex-a9 -mfpu=vfpv3 -mfloat-abi=hard -I../../bsp/ps7_cortexa9_0/include -MMD -MP -MF"src/md5.d" -MT"src/md5.o" -o "src/md5.o" "../src/md5.c"
Finished building: ../src/md5.c
 
Building file: ../src/nand.c
Invoking: ARM v7 gcc compiler
arm-none-eabi-gcc -Wall -O0 -g3 -I"/home/yarib/work/vivado/sbs_custom_float/sbs_custom_float.sdk/platform_wrapper_hw_platform_0" -c -fmessage-length=0 -MT"src/nand.o" -mcpu=cortex-a9 -mfpu=vfpv3 -mfloat-abi=hard -I../../bsp/ps7_cortexa9_0/include -MMD -MP -MF"src/nand.d" -MT"src/nand.o" -o "src/nand.o" "../src/nand.c"
Finished building: ../src/nand.c
 
Building file: ../src/nor.c
Invoking: ARM v7 gcc compiler
arm-none-eabi-gcc -Wall -O0 -g3 -I"/home/yarib/work/vivado/sbs_custom_float/sbs_custom_float.sdk/platform_wrapper_hw_platform_0" -c -fmessage-length=0 -MT"src/nor.o" -mcpu=cortex-a9 -mfpu=vfpv3 -mfloat-abi=hard -I../../bsp/ps7_cortexa9_0/include -MMD -MP -MF"src/nor.d" -MT"src/nor.o" -o "src/nor.o" "../src/nor.c"
Finished building: ../src/nor.c
 
Building file: ../src/pcap.c
Invoking: ARM v7 gcc compiler
arm-none-eabi-gcc -Wall -O0 -g3 -I"/home/yarib/work/vivado/sbs_custom_float/sbs_custom_float.sdk/platform_wrapper_hw_platform_0" -c -fmessage-length=0 -MT"src/pcap.o" -mcpu=cortex-a9 -mfpu=vfpv3 -mfloat-abi=hard -I../../bsp/ps7_cortexa9_0/include -MMD -MP -MF"src/pcap.d" -MT"src/pcap.o" -o "src/pcap.o" "../src/pcap.c"
Finished building: ../src/pcap.c
 
Building file: /home/yarib/work/vivado/sbs_custom_float/sbs_custom_float.sdk/platform_wrapper_hw_platform_0/ps7_init.c
Invoking: ARM v7 gcc compiler
arm-none-eabi-gcc -Wall -O0 -g3 -I"/home/yarib/work/vivado/sbs_custom_float/sbs_custom_float.sdk/platform_wrapper_hw_platform_0" -c -fmessage-length=0 -MT"src/ps7_init.o" -mcpu=cortex-a9 -mfpu=vfpv3 -mfloat-abi=hard -I../../bsp/ps7_cortexa9_0/include -MMD -MP -MF"src/ps7_init.d" -MT"src/ps7_init.o" -o "src/ps7_init.o" "/home/yarib/work/vivado/sbs_custom_float/sbs_custom_float.sdk/platform_wrapper_hw_platform_0/ps7_init.c"
Finished building: /home/yarib/work/vivado/sbs_custom_float/sbs_custom_float.sdk/platform_wrapper_hw_platform_0/ps7_init.c
 
Building file: ../src/qspi.c
Invoking: ARM v7 gcc compiler
arm-none-eabi-gcc -Wall -O0 -g3 -I"/home/yarib/work/vivado/sbs_custom_float/sbs_custom_float.sdk/platform_wrapper_hw_platform_0" -c -fmessage-length=0 -MT"src/qspi.o" -mcpu=cortex-a9 -mfpu=vfpv3 -mfloat-abi=hard -I../../bsp/ps7_cortexa9_0/include -MMD -MP -MF"src/qspi.d" -MT"src/qspi.o" -o "src/qspi.o" "../src/qspi.c"
Finished building: ../src/qspi.c
 
Building file: ../src/rsa.c
Invoking: ARM v7 gcc compiler
arm-none-eabi-gcc -Wall -O0 -g3 -I"/home/yarib/work/vivado/sbs_custom_float/sbs_custom_float.sdk/platform_wrapper_hw_platform_0" -c -fmessage-length=0 -MT"src/rsa.o" -mcpu=cortex-a9 -mfpu=vfpv3 -mfloat-abi=hard -I../../bsp/ps7_cortexa9_0/include -MMD -MP -MF"src/rsa.d" -MT"src/rsa.o" -o "src/rsa.o" "../src/rsa.c"
Finished building: ../src/rsa.c
 
Building file: ../src/sd.c
Invoking: ARM v7 gcc compiler
arm-none-eabi-gcc -Wall -O0 -g3 -I"/home/yarib/work/vivado/sbs_custom_float/sbs_custom_float.sdk/platform_wrapper_hw_platform_0" -c -fmessage-length=0 -MT"src/sd.o" -mcpu=cortex-a9 -mfpu=vfpv3 -mfloat-abi=hard -I../../bsp/ps7_cortexa9_0/include -MMD -MP -MF"src/sd.d" -MT"src/sd.o" -o "src/sd.o" "../src/sd.c"
Finished building: ../src/sd.c
 
Building target: fsbl.elf
Invoking: ARM v7 gcc linker
arm-none-eabi-gcc -mcpu=cortex-a9 -mfpu=vfpv3 -mfloat-abi=hard -Wl,-build-id=none -specs=Xilinx.spec -Wl,-T -Wl,../src/lscript.ld -L../../bsp/ps7_cortexa9_0/lib -o "fsbl.elf"  ./src/fsbl_handoff.o ./src/fsbl_hooks.o ./src/image_mover.o ./src/main.o ./src/md5.o ./src/nand.o ./src/nor.o ./src/pcap.o ./src/ps7_init.o ./src/qspi.o ./src/rsa.o ./src/sd.o   -Wl,--start-group,-lxil,-lgcc,-lc,--end-group -Wl,--start-group,-lxilffs,-lxil,-lgcc,-lc,--end-group -Wl,--start-group,-lrsa,-lxil,-lgcc,-lc,--end-group
/opt/Xilinx/SDK/2017.4/gnu/aarch32/lin/gcc-arm-none-eabi/bin/../lib/gcc/arm-none-eabi/6.2.1/../../../../arm-none-eabi/bin/ld: fsbl.elf section `.heap' will not fit in region `ps7_ram_0_S_AXI_BASEADDR'
/opt/Xilinx/SDK/2017.4/gnu/aarch32/lin/gcc-arm-none-eabi/bin/../lib/gcc/arm-none-eabi/6.2.1/../../../../arm-none-eabi/bin/ld: fsbl.elf section `.stack' will not fit in region `ps7_ram_1_S_AXI_BASEADDR'
/opt/Xilinx/SDK/2017.4/gnu/aarch32/lin/gcc-arm-none-eabi/bin/../lib/gcc/arm-none-eabi/6.2.1/../../../../arm-none-eabi/bin/ld: region `ps7_ram_0_S_AXI_BASEADDR' overflowed by 2010752 bytes
/opt/Xilinx/SDK/2017.4/gnu/aarch32/lin/gcc-arm-none-eabi/bin/../lib/gcc/arm-none-eabi/6.2.1/../../../../arm-none-eabi/bin/ld: region `ps7_ram_1_S_AXI_BASEADDR' overflowed by 12523008 bytes
collect2: error: ld returned 1 exit status
makefile:39: recipe for target 'fsbl.elf' failed
make: *** [fsbl.elf] Error 1
16:19:02 **** Auto Build of configuration Debug for project fsbl ****
make pre-build main-build 
a9-linaro-pre-build-step
 
Building target: fsbl.elf
Invoking: ARM v7 gcc linker
arm-none-eabi-gcc -mcpu=cortex-a9 -mfpu=vfpv3 -mfloat-abi=hard -Wl,-build-id=none -specs=Xilinx.spec -Wl,-T -Wl,../src/lscript.ld -L../../bsp/ps7_cortexa9_0/lib -o "fsbl.elf"  ./src/fsbl_handoff.o ./src/fsbl_hooks.o ./src/image_mover.o ./src/main.o ./src/md5.o ./src/nand.o ./src/nor.o ./src/pcap.o ./src/ps7_init.o ./src/qspi.o ./src/rsa.o ./src/sd.o   -Wl,--start-group,-lxil,-lgcc,-lc,--end-group -Wl,--start-group,-lxilffs,-lxil,-lgcc,-lc,--end-group -Wl,--start-group,-lrsa,-lxil,-lgcc,-lc,--end-group
/opt/Xilinx/SDK/2017.4/gnu/aarch32/lin/gcc-arm-none-eabi/bin/../lib/gcc/arm-none-eabi/6.2.1/../../../../arm-none-eabi/bin/ld: fsbl.elf section `.heap' will not fit in region `ps7_ram_0_S_AXI_BASEADDR'
/opt/Xilinx/SDK/2017.4/gnu/aarch32/lin/gcc-arm-none-eabi/bin/../lib/gcc/arm-none-eabi/6.2.1/../../../../arm-none-eabi/bin/ld: fsbl.elf section `.stack' will not fit in region `ps7_ram_1_S_AXI_BASEADDR'
/opt/Xilinx/SDK/2017.4/gnu/aarch32/lin/gcc-arm-none-eabi/bin/../lib/gcc/arm-none-eabi/6.2.1/../../../../arm-none-eabi/bin/ld: region `ps7_ram_0_S_AXI_BASEADDR' overflowed by 44672 bytes
/opt/Xilinx/SDK/2017.4/gnu/aarch32/lin/gcc-arm-none-eabi/bin/../lib/gcc/arm-none-eabi/6.2.1/../../../../arm-none-eabi/bin/ld: region `ps7_ram_1_S_AXI_BASEADDR' overflowed by 726528 bytes
collect2: error: ld returned 1 exit status
make: *** [fsbl.elf] Error 1
makefile:39: recipe for target 'fsbl.elf' failed
16:19:27 **** Auto Build of project bsp ****
make -k all 
Running Make include in ps7_cortexa9_0/libsrc/dmaps_v2_3/src
make -C ps7_cortexa9_0/libsrc/dmaps_v2_3/src -s include  "SHELL=/bin/sh" "COMPILER=arm-none-eabi-gcc" "ARCHIVER=arm-none-eabi-ar" "COMPILER_FLAGS=  -O2 -c" "EXTRA_COMPILER_FLAGS=-mcpu=cortex-a9 -mfpu=vfpv3 -mfloat-abi=hard -nostartfiles -Wall -Wextra"
Running Make include in ps7_cortexa9_0/libsrc/ddrps_v1_0/src
make -C ps7_cortexa9_0/libsrc/ddrps_v1_0/src -s include  "SHELL=/bin/sh" "COMPILER=arm-none-eabi-gcc" "ARCHIVER=arm-none-eabi-ar" "COMPILER_FLAGS=  -O2 -c" "EXTRA_COMPILER_FLAGS=-mcpu=cortex-a9 -mfpu=vfpv3 -mfloat-abi=hard -nostartfiles -Wall -Wextra"
Running Make include in ps7_cortexa9_0/libsrc/qspips_v3_4/src
make -C ps7_cortexa9_0/libsrc/qspips_v3_4/src -s include  "SHELL=/bin/sh" "COMPILER=arm-none-eabi-gcc" "ARCHIVER=arm-none-eabi-ar" "COMPILER_FLAGS=  -O2 -c" "EXTRA_COMPILER_FLAGS=-mcpu=cortex-a9 -mfpu=vfpv3 -mfloat-abi=hard -nostartfiles -Wall -Wextra"
Running Make include in ps7_cortexa9_0/libsrc/sbs_spike_50_v1_0/src
make -C ps7_cortexa9_0/libsrc/sbs_spike_50_v1_0/src -s include  "SHELL=/bin/sh" "COMPILER=arm-none-eabi-gcc" "ARCHIVER=arm-none-eabi-ar" "COMPILER_FLAGS=  -O2 -c" "EXTRA_COMPILER_FLAGS=-mcpu=cortex-a9 -mfpu=vfpv3 -mfloat-abi=hard -nostartfiles -Wall -Wextra"
Running Make include in ps7_cortexa9_0/libsrc/xilrsa_v1_4/src
make -C ps7_cortexa9_0/libsrc/xilrsa_v1_4/src -s include  "SHELL=/bin/sh" "COMPILER=arm-none-eabi-gcc" "ARCHIVER=arm-none-eabi-ar" "COMPILER_FLAGS=  -O2 -c" "EXTRA_COMPILER_FLAGS=-mcpu=cortex-a9 -mfpu=vfpv3 -mfloat-abi=hard -nostartfiles -Wall -Wextra"
Running Make include in ps7_cortexa9_0/libsrc/gpiops_v3_3/src
make -C ps7_cortexa9_0/libsrc/gpiops_v3_3/src -s include  "SHELL=/bin/sh" "COMPILER=arm-none-eabi-gcc" "ARCHIVER=arm-none-eabi-ar" "COMPILER_FLAGS=  -O2 -c" "EXTRA_COMPILER_FLAGS=-mcpu=cortex-a9 -mfpu=vfpv3 -mfloat-abi=hard -nostartfiles -Wall -Wextra"
Running Make include in ps7_cortexa9_0/libsrc/scugic_v3_8/src
make -C ps7_cortexa9_0/libsrc/scugic_v3_8/src -s include  "SHELL=/bin/sh" "COMPILER=arm-none-eabi-gcc" "ARCHIVER=arm-none-eabi-ar" "COMPILER_FLAGS=  -O2 -c" "EXTRA_COMPILER_FLAGS=-mcpu=cortex-a9 -mfpu=vfpv3 -mfloat-abi=hard -nostartfiles -Wall -Wextra"
Running Make include in ps7_cortexa9_0/libsrc/scuwdt_v2_1/src
make -C ps7_cortexa9_0/libsrc/scuwdt_v2_1/src -s include  "SHELL=/bin/sh" "COMPILER=arm-none-eabi-gcc" "ARCHIVER=arm-none-eabi-ar" "COMPILER_FLAGS=  -O2 -c" "EXTRA_COMPILER_FLAGS=-mcpu=cortex-a9 -mfpu=vfpv3 -mfloat-abi=hard -nostartfiles -Wall -Wextra"
Running Make include in ps7_cortexa9_0/libsrc/xilffs_v3_7/src
make -C ps7_cortexa9_0/libsrc/xilffs_v3_7/src -s include  "SHELL=/bin/sh" "COMPILER=arm-none-eabi-gcc" "ARCHIVER=arm-none-eabi-ar" "COMPILER_FLAGS=  -O2 -c" "EXTRA_COMPILER_FLAGS=-mcpu=cortex-a9 -mfpu=vfpv3 -mfloat-abi=hard -nostartfiles -Wall -Wextra"
Running Make include in ps7_cortexa9_0/libsrc/standalone_v6_5/src
make -C ps7_cortexa9_0/libsrc/standalone_v6_5/src -s include  "SHELL=/bin/sh" "COMPILER=arm-none-eabi-gcc" "ARCHIVER=arm-none-eabi-ar" "COMPILER_FLAGS=  -O2 -c" "EXTRA_COMPILER_FLAGS=-mcpu=cortex-a9 -mfpu=vfpv3 -mfloat-abi=hard -nostartfiles -Wall -Wextra"
Running Make include in ps7_cortexa9_0/libsrc/cpu_cortexa9_v2_5/src
make -C ps7_cortexa9_0/libsrc/cpu_cortexa9_v2_5/src -s include  "SHELL=/bin/sh" "COMPILER=arm-none-eabi-gcc" "ARCHIVER=arm-none-eabi-ar" "COMPILER_FLAGS=  -O2 -c" "EXTRA_COMPILER_FLAGS=-mcpu=cortex-a9 -mfpu=vfpv3 -mfloat-abi=hard -nostartfiles -Wall -Wextra"
Running Make include in ps7_cortexa9_0/libsrc/xadcps_v2_2/src
make -C ps7_cortexa9_0/libsrc/xadcps_v2_2/src -s include  "SHELL=/bin/sh" "COMPILER=arm-none-eabi-gcc" "ARCHIVER=arm-none-eabi-ar" "COMPILER_FLAGS=  -O2 -c" "EXTRA_COMPILER_FLAGS=-mcpu=cortex-a9 -mfpu=vfpv3 -mfloat-abi=hard -nostartfiles -Wall -Wextra"
Running Make include in ps7_cortexa9_0/libsrc/axidma_v9_5/src
make -C ps7_cortexa9_0/libsrc/axidma_v9_5/src -s include  "SHELL=/bin/sh" "COMPILER=arm-none-eabi-gcc" "ARCHIVER=arm-none-eabi-ar" "COMPILER_FLAGS=  -O2 -c" "EXTRA_COMPILER_FLAGS=-mcpu=cortex-a9 -mfpu=vfpv3 -mfloat-abi=hard -nostartfiles -Wall -Wextra"
Running Make include in ps7_cortexa9_0/libsrc/devcfg_v3_5/src
make -C ps7_cortexa9_0/libsrc/devcfg_v3_5/src -s include  "SHELL=/bin/sh" "COMPILER=arm-none-eabi-gcc" "ARCHIVER=arm-none-eabi-ar" "COMPILER_FLAGS=  -O2 -c" "EXTRA_COMPILER_FLAGS=-mcpu=cortex-a9 -mfpu=vfpv3 -mfloat-abi=hard -nostartfiles -Wall -Wextra"
Running Make include in ps7_cortexa9_0/libsrc/sdps_v3_3/src
make -C ps7_cortexa9_0/libsrc/sdps_v3_3/src -s include  "SHELL=/bin/sh" "COMPILER=arm-none-eabi-gcc" "ARCHIVER=arm-none-eabi-ar" "COMPILER_FLAGS=  -O2 -c" "EXTRA_COMPILER_FLAGS=-mcpu=cortex-a9 -mfpu=vfpv3 -mfloat-abi=hard -nostartfiles -Wall -Wextra"
Running Make include in ps7_cortexa9_0/libsrc/emacps_v3_6/src
make -C ps7_cortexa9_0/libsrc/emacps_v3_6/src -s include  "SHELL=/bin/sh" "COMPILER=arm-none-eabi-gcc" "ARCHIVER=arm-none-eabi-ar" "COMPILER_FLAGS=  -O2 -c" "EXTRA_COMPILER_FLAGS=-mcpu=cortex-a9 -mfpu=vfpv3 -mfloat-abi=hard -nostartfiles -Wall -Wextra"
Running Make include in ps7_cortexa9_0/libsrc/sbs_accelerator_v1_0/src
make -C ps7_cortexa9_0/libsrc/sbs_accelerator_v1_0/src -s include  "SHELL=/bin/sh" "COMPILER=arm-none-eabi-gcc" "ARCHIVER=arm-none-eabi-ar" "COMPILER_FLAGS=  -O2 -c" "EXTRA_COMPILER_FLAGS=-mcpu=cortex-a9 -mfpu=vfpv3 -mfloat-abi=hard -nostartfiles -Wall -Wextra"
Running Make include in ps7_cortexa9_0/libsrc/usbps_v2_4/src
make -C ps7_cortexa9_0/libsrc/usbps_v2_4/src -s include  "SHELL=/bin/sh" "COMPILER=arm-none-eabi-gcc" "ARCHIVER=arm-none-eabi-ar" "COMPILER_FLAGS=  -O2 -c" "EXTRA_COMPILER_FLAGS=-mcpu=cortex-a9 -mfpu=vfpv3 -mfloat-abi=hard -nostartfiles -Wall -Wextra"
Running Make include in ps7_cortexa9_0/libsrc/coresightps_dcc_v1_4/src
make -C ps7_cortexa9_0/libsrc/coresightps_dcc_v1_4/src -s include  "SHELL=/bin/sh" "COMPILER=arm-none-eabi-gcc" "ARCHIVER=arm-none-eabi-ar" "COMPILER_FLAGS=  -O2 -c" "EXTRA_COMPILER_FLAGS=-mcpu=cortex-a9 -mfpu=vfpv3 -mfloat-abi=hard -nostartfiles -Wall -Wextra"
Running Make include in ps7_cortexa9_0/libsrc/uartps_v3_5/src
make -C ps7_cortexa9_0/libsrc/uartps_v3_5/src -s include  "SHELL=/bin/sh" "COMPILER=arm-none-eabi-gcc" "ARCHIVER=arm-none-eabi-ar" "COMPILER_FLAGS=  -O2 -c" "EXTRA_COMPILER_FLAGS=-mcpu=cortex-a9 -mfpu=vfpv3 -mfloat-abi=hard -nostartfiles -Wall -Wextra"
Running Make include in ps7_cortexa9_0/libsrc/scutimer_v2_1/src
make -C ps7_cortexa9_0/libsrc/scutimer_v2_1/src -s include  "SHELL=/bin/sh" "COMPILER=arm-none-eabi-gcc" "ARCHIVER=arm-none-eabi-ar" "COMPILER_FLAGS=  -O2 -c" "EXTRA_COMPILER_FLAGS=-mcpu=cortex-a9 -mfpu=vfpv3 -mfloat-abi=hard -nostartfiles -Wall -Wextra"
Running Make libs in ps7_cortexa9_0/libsrc/dmaps_v2_3/src
make -C ps7_cortexa9_0/libsrc/dmaps_v2_3/src -s libs  "SHELL=/bin/sh" "COMPILER=arm-none-eabi-gcc" "ARCHIVER=arm-none-eabi-ar" "COMPILER_FLAGS=  -O2 -c" "EXTRA_COMPILER_FLAGS=-mcpu=cortex-a9 -mfpu=vfpv3 -mfloat-abi=hard -nostartfiles -Wall -Wextra"
Compiling dmaps
arm-none-eabi-ar: creating ../../../lib/libxil.a
Running Make libs in ps7_cortexa9_0/libsrc/ddrps_v1_0/src
make -C ps7_cortexa9_0/libsrc/ddrps_v1_0/src -s libs  "SHELL=/bin/sh" "COMPILER=arm-none-eabi-gcc" "ARCHIVER=arm-none-eabi-ar" "COMPILER_FLAGS=  -O2 -c" "EXTRA_COMPILER_FLAGS=-mcpu=cortex-a9 -mfpu=vfpv3 -mfloat-abi=hard -nostartfiles -Wall -Wextra"
Compiling ddrps
Running Make libs in ps7_cortexa9_0/libsrc/qspips_v3_4/src
make -C ps7_cortexa9_0/libsrc/qspips_v3_4/src -s libs  "SHELL=/bin/sh" "COMPILER=arm-none-eabi-gcc" "ARCHIVER=arm-none-eabi-ar" "COMPILER_FLAGS=  -O2 -c" "EXTRA_COMPILER_FLAGS=-mcpu=cortex-a9 -mfpu=vfpv3 -mfloat-abi=hard -nostartfiles -Wall -Wextra"
Compiling qspips
Running Make libs in ps7_cortexa9_0/libsrc/sbs_spike_50_v1_0/src
make -C ps7_cortexa9_0/libsrc/sbs_spike_50_v1_0/src -s libs  "SHELL=/bin/sh" "COMPILER=arm-none-eabi-gcc" "ARCHIVER=arm-none-eabi-ar" "COMPILER_FLAGS=  -O2 -c" "EXTRA_COMPILER_FLAGS=-mcpu=cortex-a9 -mfpu=vfpv3 -mfloat-abi=hard -nostartfiles -Wall -Wextra"
Compiling sbs_spike_50
Running Make libs in ps7_cortexa9_0/libsrc/xilrsa_v1_4/src
make -C ps7_cortexa9_0/libsrc/xilrsa_v1_4/src -s libs  "SHELL=/bin/sh" "COMPILER=arm-none-eabi-gcc" "ARCHIVER=arm-none-eabi-ar" "COMPILER_FLAGS=  -O2 -c" "EXTRA_COMPILER_FLAGS=-mcpu=cortex-a9 -mfpu=vfpv3 -mfloat-abi=hard -nostartfiles -Wall -Wextra"
Running Make libs in ps7_cortexa9_0/libsrc/gpiops_v3_3/src
make -C ps7_cortexa9_0/libsrc/gpiops_v3_3/src -s libs  "SHELL=/bin/sh" "COMPILER=arm-none-eabi-gcc" "ARCHIVER=arm-none-eabi-ar" "COMPILER_FLAGS=  -O2 -c" "EXTRA_COMPILER_FLAGS=-mcpu=cortex-a9 -mfpu=vfpv3 -mfloat-abi=hard -nostartfiles -Wall -Wextra"
Compiling gpiops
Running Make libs in ps7_cortexa9_0/libsrc/scugic_v3_8/src
make -C ps7_cortexa9_0/libsrc/scugic_v3_8/src -s libs  "SHELL=/bin/sh" "COMPILER=arm-none-eabi-gcc" "ARCHIVER=arm-none-eabi-ar" "COMPILER_FLAGS=  -O2 -c" "EXTRA_COMPILER_FLAGS=-mcpu=cortex-a9 -mfpu=vfpv3 -mfloat-abi=hard -nostartfiles -Wall -Wextra"
Compiling scugic
Running Make libs in ps7_cortexa9_0/libsrc/scuwdt_v2_1/src
make -C ps7_cortexa9_0/libsrc/scuwdt_v2_1/src -s libs  "SHELL=/bin/sh" "COMPILER=arm-none-eabi-gcc" "ARCHIVER=arm-none-eabi-ar" "COMPILER_FLAGS=  -O2 -c" "EXTRA_COMPILER_FLAGS=-mcpu=cortex-a9 -mfpu=vfpv3 -mfloat-abi=hard -nostartfiles -Wall -Wextra"
Compiling scuwdt
Running Make libs in ps7_cortexa9_0/libsrc/xilffs_v3_7/src
make -C ps7_cortexa9_0/libsrc/xilffs_v3_7/src -s libs  "SHELL=/bin/sh" "COMPILER=arm-none-eabi-gcc" "ARCHIVER=arm-none-eabi-ar" "COMPILER_FLAGS=  -O2 -c" "EXTRA_COMPILER_FLAGS=-mcpu=cortex-a9 -mfpu=vfpv3 -mfloat-abi=hard -nostartfiles -Wall -Wextra"
Compiling XilFFs Library
ff.c: In function 'find_volume':
ff.c:2610:4: warning: dereferencing type-punned pointer will break strict-aliasing rules [-Wstrict-aliasing]
    && (LD_DWORD(fs->win+FSI_LeadSig) == 0x41615252U)
    ^~
diskio.c:135:11: warning: 'ExtCsd' defined but not used [-Wunused-variable]
 static u8 ExtCsd[512] __attribute__ ((aligned(32)));
           ^~~~~~
Running Make libs in ps7_cortexa9_0/libsrc/standalone_v6_5/src
make -C ps7_cortexa9_0/libsrc/standalone_v6_5/src -s libs  "SHELL=/bin/sh" "COMPILER=arm-none-eabi-gcc" "ARCHIVER=arm-none-eabi-ar" "COMPILER_FLAGS=  -O2 -c" "EXTRA_COMPILER_FLAGS=-mcpu=cortex-a9 -mfpu=vfpv3 -mfloat-abi=hard -nostartfiles -Wall -Wextra"
Compiling standalone
Running Make libs in ps7_cortexa9_0/libsrc/cpu_cortexa9_v2_5/src
make -C ps7_cortexa9_0/libsrc/cpu_cortexa9_v2_5/src -s libs  "SHELL=/bin/sh" "COMPILER=arm-none-eabi-gcc" "ARCHIVER=arm-none-eabi-ar" "COMPILER_FLAGS=  -O2 -c" "EXTRA_COMPILER_FLAGS=-mcpu=cortex-a9 -mfpu=vfpv3 -mfloat-abi=hard -nostartfiles -Wall -Wextra"
Compiling cpu_cortexa9
Running Make libs in ps7_cortexa9_0/libsrc/xadcps_v2_2/src
make -C ps7_cortexa9_0/libsrc/xadcps_v2_2/src -s libs  "SHELL=/bin/sh" "COMPILER=arm-none-eabi-gcc" "ARCHIVER=arm-none-eabi-ar" "COMPILER_FLAGS=  -O2 -c" "EXTRA_COMPILER_FLAGS=-mcpu=cortex-a9 -mfpu=vfpv3 -mfloat-abi=hard -nostartfiles -Wall -Wextra"
Compiling xadcps
Running Make libs in ps7_cortexa9_0/libsrc/axidma_v9_5/src
make -C ps7_cortexa9_0/libsrc/axidma_v9_5/src -s libs  "SHELL=/bin/sh" "COMPILER=arm-none-eabi-gcc" "ARCHIVER=arm-none-eabi-ar" "COMPILER_FLAGS=  -O2 -c" "EXTRA_COMPILER_FLAGS=-mcpu=cortex-a9 -mfpu=vfpv3 -mfloat-abi=hard -nostartfiles -Wall -Wextra"
Compiling axidma
Running Make libs in ps7_cortexa9_0/libsrc/devcfg_v3_5/src
make -C ps7_cortexa9_0/libsrc/devcfg_v3_5/src -s libs  "SHELL=/bin/sh" "COMPILER=arm-none-eabi-gcc" "ARCHIVER=arm-none-eabi-ar" "COMPILER_FLAGS=  -O2 -c" "EXTRA_COMPILER_FLAGS=-mcpu=cortex-a9 -mfpu=vfpv3 -mfloat-abi=hard -nostartfiles -Wall -Wextra"
Compiling devcfg
Running Make libs in ps7_cortexa9_0/libsrc/sdps_v3_3/src
make -C ps7_cortexa9_0/libsrc/sdps_v3_3/src -s libs  "SHELL=/bin/sh" "COMPILER=arm-none-eabi-gcc" "ARCHIVER=arm-none-eabi-ar" "COMPILER_FLAGS=  -O2 -c" "EXTRA_COMPILER_FLAGS=-mcpu=cortex-a9 -mfpu=vfpv3 -mfloat-abi=hard -nostartfiles -Wall -Wextra"
Compiling sdps
Running Make libs in ps7_cortexa9_0/libsrc/emacps_v3_6/src
make -C ps7_cortexa9_0/libsrc/emacps_v3_6/src -s libs  "SHELL=/bin/sh" "COMPILER=arm-none-eabi-gcc" "ARCHIVER=arm-none-eabi-ar" "COMPILER_FLAGS=  -O2 -c" "EXTRA_COMPILER_FLAGS=-mcpu=cortex-a9 -mfpu=vfpv3 -mfloat-abi=hard -nostartfiles -Wall -Wextra"
Compiling emacps
Running Make libs in ps7_cortexa9_0/libsrc/sbs_accelerator_v1_0/src
make -C ps7_cortexa9_0/libsrc/sbs_accelerator_v1_0/src -s libs  "SHELL=/bin/sh" "COMPILER=arm-none-eabi-gcc" "ARCHIVER=arm-none-eabi-ar" "COMPILER_FLAGS=  -O2 -c" "EXTRA_COMPILER_FLAGS=-mcpu=cortex-a9 -mfpu=vfpv3 -mfloat-abi=hard -nostartfiles -Wall -Wextra"
Compiling sbs_accelerator
Running Make libs in ps7_cortexa9_0/libsrc/usbps_v2_4/src
make -C ps7_cortexa9_0/libsrc/usbps_v2_4/src -s libs  "SHELL=/bin/sh" "COMPILER=arm-none-eabi-gcc" "ARCHIVER=arm-none-eabi-ar" "COMPILER_FLAGS=  -O2 -c" "EXTRA_COMPILER_FLAGS=-mcpu=cortex-a9 -mfpu=vfpv3 -mfloat-abi=hard -nostartfiles -Wall -Wextra"
Compiling usbps
Running Make libs in ps7_cortexa9_0/libsrc/coresightps_dcc_v1_4/src
make -C ps7_cortexa9_0/libsrc/coresightps_dcc_v1_4/src -s libs  "SHELL=/bin/sh" "COMPILER=arm-none-eabi-gcc" "ARCHIVER=arm-none-eabi-ar" "COMPILER_FLAGS=  -O2 -c" "EXTRA_COMPILER_FLAGS=-mcpu=cortex-a9 -mfpu=vfpv3 -mfloat-abi=hard -nostartfiles -Wall -Wextra"
Compiling coresightps_dcc
Running Make libs in ps7_cortexa9_0/libsrc/uartps_v3_5/src
make -C ps7_cortexa9_0/libsrc/uartps_v3_5/src -s libs  "SHELL=/bin/sh" "COMPILER=arm-none-eabi-gcc" "ARCHIVER=arm-none-eabi-ar" "COMPILER_FLAGS=  -O2 -c" "EXTRA_COMPILER_FLAGS=-mcpu=cortex-a9 -mfpu=vfpv3 -mfloat-abi=hard -nostartfiles -Wall -Wextra"
Compiling uartps
Running Make libs in ps7_cortexa9_0/libsrc/scutimer_v2_1/src
make -C ps7_cortexa9_0/libsrc/scutimer_v2_1/src -s libs  "SHELL=/bin/sh" "COMPILER=arm-none-eabi-gcc" "ARCHIVER=arm-none-eabi-ar" "COMPILER_FLAGS=  -O2 -c" "EXTRA_COMPILER_FLAGS=-mcpu=cortex-a9 -mfpu=vfpv3 -mfloat-abi=hard -nostartfiles -Wall -Wextra"
Compiling scutimer
Finished building libraries
16:19:50 **** Auto Build of configuration Debug for project app ****
make pre-build main-build 
a9-linaro-pre-build-step
 
Building file: /home/yarib/work/app-framework-baremetal/libs/utilities/src/eventlogger.c
Invoking: ARM v7 gcc compiler
arm-none-eabi-gcc -DUSE_XILINX -DDEBUG -DMULTIVECTOR_USE_POINTER_ARITHMETICS -Wall -O0 -g3 -I../../bsp/ps7_cortexa9_0/include -I/home/yarib/work/app-framework-baremetal/apps/sbs_app/inc -I/home/yarib/work/app-framework-baremetal/libs/utilities/inc -I/home/yarib/work/app-framework-baremetal/libs/sbs_neural_network/inc -I/home/yarib/work/app-framework-baremetal/libs/sbs_hardware/inc -I/home/yarib/work/app-framework-baremetal/libs/arm/inc -c -fmessage-length=0 -MT"src_utilities/eventlogger.o" -mcpu=cortex-a9 -mfpu=vfpv3 -mfloat-abi=hard -I../../bsp/ps7_cortexa9_0/include -MMD -MP -MF"src_utilities/eventlogger.d" -MT"src_utilities/eventlogger.o" -o "src_utilities/eventlogger.o" "/home/yarib/work/app-framework-baremetal/libs/utilities/src/eventlogger.c"
Finished building: /home/yarib/work/app-framework-baremetal/libs/utilities/src/eventlogger.c
 
Building file: /home/yarib/work/app-framework-baremetal/libs/utilities/src/multivector.c
Invoking: ARM v7 gcc compiler
arm-none-eabi-gcc -DUSE_XILINX -DDEBUG -DMULTIVECTOR_USE_POINTER_ARITHMETICS -Wall -O0 -g3 -I../../bsp/ps7_cortexa9_0/include -I/home/yarib/work/app-framework-baremetal/apps/sbs_app/inc -I/home/yarib/work/app-framework-baremetal/libs/utilities/inc -I/home/yarib/work/app-framework-baremetal/libs/sbs_neural_network/inc -I/home/yarib/work/app-framework-baremetal/libs/sbs_hardware/inc -I/home/yarib/work/app-framework-baremetal/libs/arm/inc -c -fmessage-length=0 -MT"src_utilities/multivector.o" -mcpu=cortex-a9 -mfpu=vfpv3 -mfloat-abi=hard -I../../bsp/ps7_cortexa9_0/include -MMD -MP -MF"src_utilities/multivector.d" -MT"src_utilities/multivector.o" -o "src_utilities/multivector.o" "/home/yarib/work/app-framework-baremetal/libs/utilities/src/multivector.c"
Finished building: /home/yarib/work/app-framework-baremetal/libs/utilities/src/multivector.c
 
Building file: /home/yarib/work/app-framework-baremetal/libs/utilities/src/serialport.c
Invoking: ARM v7 gcc compiler
arm-none-eabi-gcc -DUSE_XILINX -DDEBUG -DMULTIVECTOR_USE_POINTER_ARITHMETICS -Wall -O0 -g3 -I../../bsp/ps7_cortexa9_0/include -I/home/yarib/work/app-framework-baremetal/apps/sbs_app/inc -I/home/yarib/work/app-framework-baremetal/libs/utilities/inc -I/home/yarib/work/app-framework-baremetal/libs/sbs_neural_network/inc -I/home/yarib/work/app-framework-baremetal/libs/sbs_hardware/inc -I/home/yarib/work/app-framework-baremetal/libs/arm/inc -c -fmessage-length=0 -MT"src_utilities/serialport.o" -mcpu=cortex-a9 -mfpu=vfpv3 -mfloat-abi=hard -I../../bsp/ps7_cortexa9_0/include -MMD -MP -MF"src_utilities/serialport.d" -MT"src_utilities/serialport.o" -o "src_utilities/serialport.o" "/home/yarib/work/app-framework-baremetal/libs/utilities/src/serialport.c"
Finished building: /home/yarib/work/app-framework-baremetal/libs/utilities/src/serialport.c
 
Building file: /home/yarib/work/app-framework-baremetal/libs/utilities/src/timer.c
Invoking: ARM v7 gcc compiler
arm-none-eabi-gcc -DUSE_XILINX -DDEBUG -DMULTIVECTOR_USE_POINTER_ARITHMETICS -Wall -O0 -g3 -I../../bsp/ps7_cortexa9_0/include -I/home/yarib/work/app-framework-baremetal/apps/sbs_app/inc -I/home/yarib/work/app-framework-baremetal/libs/utilities/inc -I/home/yarib/work/app-framework-baremetal/libs/sbs_neural_network/inc -I/home/yarib/work/app-framework-baremetal/libs/sbs_hardware/inc -I/home/yarib/work/app-framework-baremetal/libs/arm/inc -c -fmessage-length=0 -MT"src_utilities/timer.o" -mcpu=cortex-a9 -mfpu=vfpv3 -mfloat-abi=hard -I../../bsp/ps7_cortexa9_0/include -MMD -MP -MF"src_utilities/timer.d" -MT"src_utilities/timer.o" -o "src_utilities/timer.o" "/home/yarib/work/app-framework-baremetal/libs/utilities/src/timer.c"
Finished building: /home/yarib/work/app-framework-baremetal/libs/utilities/src/timer.c
 
Building file: /home/yarib/work/app-framework-baremetal/libs/utilities/src/toolcom.c
Invoking: ARM v7 gcc compiler
arm-none-eabi-gcc -DUSE_XILINX -DDEBUG -DMULTIVECTOR_USE_POINTER_ARITHMETICS -Wall -O0 -g3 -I../../bsp/ps7_cortexa9_0/include -I/home/yarib/work/app-framework-baremetal/apps/sbs_app/inc -I/home/yarib/work/app-framework-baremetal/libs/utilities/inc -I/home/yarib/work/app-framework-baremetal/libs/sbs_neural_network/inc -I/home/yarib/work/app-framework-baremetal/libs/sbs_hardware/inc -I/home/yarib/work/app-framework-baremetal/libs/arm/inc -c -fmessage-length=0 -MT"src_utilities/toolcom.o" -mcpu=cortex-a9 -mfpu=vfpv3 -mfloat-abi=hard -I../../bsp/ps7_cortexa9_0/include -MMD -MP -MF"src_utilities/toolcom.d" -MT"src_utilities/toolcom.o" -o "src_utilities/toolcom.o" "/home/yarib/work/app-framework-baremetal/libs/utilities/src/toolcom.c"
Finished building: /home/yarib/work/app-framework-baremetal/libs/utilities/src/toolcom.c
 
Building file: /home/yarib/work/app-framework-baremetal/libs/sbs_neural_network/src/sbs_neural_network.c
Invoking: ARM v7 gcc compiler
arm-none-eabi-gcc -DUSE_XILINX -DDEBUG -DMULTIVECTOR_USE_POINTER_ARITHMETICS -Wall -O0 -g3 -I../../bsp/ps7_cortexa9_0/include -I/home/yarib/work/app-framework-baremetal/apps/sbs_app/inc -I/home/yarib/work/app-framework-baremetal/libs/utilities/inc -I/home/yarib/work/app-framework-baremetal/libs/sbs_neural_network/inc -I/home/yarib/work/app-framework-baremetal/libs/sbs_hardware/inc -I/home/yarib/work/app-framework-baremetal/libs/arm/inc -c -fmessage-length=0 -MT"src_sbs/sbs_neural_network.o" -mcpu=cortex-a9 -mfpu=vfpv3 -mfloat-abi=hard -I../../bsp/ps7_cortexa9_0/include -MMD -MP -MF"src_sbs/sbs_neural_network.d" -MT"src_sbs/sbs_neural_network.o" -o "src_sbs/sbs_neural_network.o" "/home/yarib/work/app-framework-baremetal/libs/sbs_neural_network/src/sbs_neural_network.c"
In file included from ../../bsp/ps7_cortexa9_0/include/xaxidma_bd.h:119:0,
                 from ../../bsp/ps7_cortexa9_0/include/xaxidma_bdring.h:86,
                 from ../../bsp/ps7_cortexa9_0/include/xaxidma.h:488,
                 from /home/yarib/work/app-framework-baremetal/libs/sbs_hardware/inc/dma_hardware.h:21,
                 from /home/yarib/work/app-framework-baremetal/libs/sbs_hardware/inc/sbs_processing_unit.h:20,
                 from /home/yarib/work/app-framework-baremetal/libs/sbs_neural_network/inc/sbs_neural_network.h:18,
                 from /home/yarib/work/app-framework-baremetal/libs/sbs_neural_network/src/sbs_neural_network.c:23:
../../bsp/ps7_cortexa9_0/include/xdebug.h:41:2: warning: #warning DEBUG is enabled [-Wcpp]
 #warning DEBUG is enabled
  ^~~~~~~
/home/yarib/work/app-framework-baremetal/libs/sbs_neural_network/src/sbs_neural_network.c: In function 'SbsBaseLayer_update':
/home/yarib/work/app-framework-baremetal/libs/sbs_neural_network/src/sbs_neural_network.c:1110:70: warning: passing argument 2 of 'Accelerator_giveStateVector' from incompatible pointer type [-Wincompatible-pointer-types]
           Accelerator_giveStateVector (update_partition_accelerator, state_vector);
                                                                      ^~~~~~~~~~~~
In file included from /home/yarib/work/app-framework-baremetal/libs/sbs_neural_network/inc/sbs_neural_network.h:18:0,
                 from /home/yarib/work/app-framework-baremetal/libs/sbs_neural_network/src/sbs_neural_network.c:23:
/home/yarib/work/app-framework-baremetal/libs/sbs_hardware/inc/sbs_processing_unit.h:144:6: note: expected 'uint32_t * {aka long unsigned int *}' but argument is of type 'NeuronState * {aka float *}'
 void Accelerator_giveStateVector (SbSUpdateAccelerator * accelerator,
      ^~~~~~~~~~~~~~~~~~~~~~~~~~~
Finished building: /home/yarib/work/app-framework-baremetal/libs/sbs_neural_network/src/sbs_neural_network.c
 
Building file: /home/yarib/work/app-framework-baremetal/libs/sbs_hardware/src/dma_hardware.c
Invoking: ARM v7 gcc compiler
arm-none-eabi-gcc -DUSE_XILINX -DDEBUG -DMULTIVECTOR_USE_POINTER_ARITHMETICS -Wall -O0 -g3 -I../../bsp/ps7_cortexa9_0/include -I/home/yarib/work/app-framework-baremetal/apps/sbs_app/inc -I/home/yarib/work/app-framework-baremetal/libs/utilities/inc -I/home/yarib/work/app-framework-baremetal/libs/sbs_neural_network/inc -I/home/yarib/work/app-framework-baremetal/libs/sbs_hardware/inc -I/home/yarib/work/app-framework-baremetal/libs/arm/inc -c -fmessage-length=0 -MT"src_hw/dma_hardware.o" -mcpu=cortex-a9 -mfpu=vfpv3 -mfloat-abi=hard -I../../bsp/ps7_cortexa9_0/include -MMD -MP -MF"src_hw/dma_hardware.d" -MT"src_hw/dma_hardware.o" -o "src_hw/dma_hardware.o" "/home/yarib/work/app-framework-baremetal/libs/sbs_hardware/src/dma_hardware.c"
In file included from ../../bsp/ps7_cortexa9_0/include/xaxidma_bd.h:119:0,
                 from ../../bsp/ps7_cortexa9_0/include/xaxidma_bdring.h:86,
                 from ../../bsp/ps7_cortexa9_0/include/xaxidma.h:488,
                 from /home/yarib/work/app-framework-baremetal/libs/sbs_hardware/inc/dma_hardware.h:21,
                 from /home/yarib/work/app-framework-baremetal/libs/sbs_hardware/src/dma_hardware.c:8:
../../bsp/ps7_cortexa9_0/include/xdebug.h:41:2: warning: #warning DEBUG is enabled [-Wcpp]
 #warning DEBUG is enabled
  ^~~~~~~
Finished building: /home/yarib/work/app-framework-baremetal/libs/sbs_hardware/src/dma_hardware.c
 
[...]
Finished building: /home/yarib/work/app-framework-baremetal/libs/utilities/src/memory_manager.c
 
Building file: /home/yarib/work/app-framework-baremetal/libs/utilities/src/miscellaneous.c
Invoking: ARM v7 gcc compiler
arm-none-eabi-gcc -DUSE_XILINX -Wall -O0 -g3 -I../../bsp/ps7_cortexa9_0/include -I/home/yarib/work/app-framework-baremetal/apps/sbs_app/inc -I/home/yarib/work/app-framework-baremetal/libs/utilities/inc -I/home/yarib/work/app-framework-baremetal/libs/sbs_neural_network/inc -I/home/yarib/work/app-framework-baremetal/libs/sbs_hardware/inc -I/home/yarib/work/app-framework-baremetal/libs/arm/inc -c -fmessage-length=0 -MT"src_utilities/miscellaneous.o" -mcpu=cortex-a9 -mfpu=vfpv3 -mfloat-abi=hard -I../../bsp/ps7_cortexa9_0/include -MMD -MP -MF"src_utilities/miscellaneous.d" -MT"src_utilities/miscellaneous.o" -o "src_utilities/miscellaneous.o" "/home/yarib/work/app-framework-baremetal/libs/utilities/src/miscellaneous.c"
Finished building: /home/yarib/work/app-framework-baremetal/libs/utilities/src/miscellaneous.c
 
Building file: /home/yarib/work/app-framework-baremetal/libs/utilities/src/mt19937int.c
Invoking: ARM v7 gcc compiler
arm-none-eabi-gcc -DUSE_XILINX -Wall -O0 -g3 -I../../bsp/ps7_cortexa9_0/include -I/home/yarib/work/app-framework-baremetal/apps/sbs_app/inc -I/home/yarib/work/app-framework-baremetal/libs/utilities/inc -I/home/yarib/work/app-framework-baremetal/libs/sbs_neural_network/inc -I/home/yarib/work/app-framework-baremetal/libs/sbs_hardware/inc -I/home/yarib/work/app-framework-baremetal/libs/arm/inc -c -fmessage-length=0 -MT"src_utilities/mt19937int.o" -mcpu=cortex-a9 -mfpu=vfpv3 -mfloat-abi=hard -I../../bsp/ps7_cortexa9_0/include -MMD -MP -MF"src_utilities/mt19937int.d" -MT"src_utilities/mt19937int.o" -o "src_utilities/mt19937int.o" "/home/yarib/work/app-framework-baremetal/libs/utilities/src/mt19937int.c"
Finished building: /home/yarib/work/app-framework-baremetal/libs/utilities/src/mt19937int.c
 
Building file: /home/yarib/work/app-framework-baremetal/libs/utilities/src/multivector.c
Invoking: ARM v7 gcc compiler
arm-none-eabi-gcc -DUSE_XILINX -Wall -O0 -g3 -I../../bsp/ps7_cortexa9_0/include -I/home/yarib/work/app-framework-baremetal/apps/sbs_app/inc -I/home/yarib/work/app-framework-baremetal/libs/utilities/inc -I/home/yarib/work/app-framework-baremetal/libs/sbs_neural_network/inc -I/home/yarib/work/app-framework-baremetal/libs/sbs_hardware/inc -I/home/yarib/work/app-framework-baremetal/libs/arm/inc -c -fmessage-length=0 -MT"src_utilities/multivector.o" -mcpu=cortex-a9 -mfpu=vfpv3 -mfloat-abi=hard -I../../bsp/ps7_cortexa9_0/include -MMD -MP -MF"src_utilities/multivector.d" -MT"src_utilities/multivector.o" -o "src_utilities/multivector.o" "/home/yarib/work/app-framework-baremetal/libs/utilities/src/multivector.c"
Finished building: /home/yarib/work/app-framework-baremetal/libs/utilities/src/multivector.c
 
Building file: /home/yarib/work/app-framework-baremetal/libs/utilities/src/serialport.c
Invoking: ARM v7 gcc compiler
arm-none-eabi-gcc -DUSE_XILINX -Wall -O0 -g3 -I../../bsp/ps7_cortexa9_0/include -I/home/yarib/work/app-framework-baremetal/apps/sbs_app/inc -I/home/yarib/work/app-framework-baremetal/libs/utilities/inc -I/home/yarib/work/app-framework-baremetal/libs/sbs_neural_network/inc -I/home/yarib/work/app-framework-baremetal/libs/sbs_hardware/inc -I/home/yarib/work/app-framework-baremetal/libs/arm/inc -c -fmessage-length=0 -MT"src_utilities/serialport.o" -mcpu=cortex-a9 -mfpu=vfpv3 -mfloat-abi=hard -I../../bsp/ps7_cortexa9_0/include -MMD -MP -MF"src_utilities/serialport.d" -MT"src_utilities/serialport.o" -o "src_utilities/serialport.o" "/home/yarib/work/app-framework-baremetal/libs/utilities/src/serialport.c"
Finished building: /home/yarib/work/app-framework-baremetal/libs/utilities/src/serialport.c
 
Building file: /home/yarib/work/app-framework-baremetal/libs/utilities/src/timer.c
Invoking: ARM v7 gcc compiler
arm-none-eabi-gcc -DUSE_XILINX -Wall -O0 -g3 -I../../bsp/ps7_cortexa9_0/include -I/home/yarib/work/app-framework-baremetal/apps/sbs_app/inc -I/home/yarib/work/app-framework-baremetal/libs/utilities/inc -I/home/yarib/work/app-framework-baremetal/libs/sbs_neural_network/inc -I/home/yarib/work/app-framework-baremetal/libs/sbs_hardware/inc -I/home/yarib/work/app-framework-baremetal/libs/arm/inc -c -fmessage-length=0 -MT"src_utilities/timer.o" -mcpu=cortex-a9 -mfpu=vfpv3 -mfloat-abi=hard -I../../bsp/ps7_cortexa9_0/include -MMD -MP -MF"src_utilities/timer.d" -MT"src_utilities/timer.o" -o "src_utilities/timer.o" "/home/yarib/work/app-framework-baremetal/libs/utilities/src/timer.c"
Finished building: /home/yarib/work/app-framework-baremetal/libs/utilities/src/timer.c
 
Building file: /home/yarib/work/app-framework-baremetal/libs/utilities/src/toolcom.c
Invoking: ARM v7 gcc compiler
arm-none-eabi-gcc -DUSE_XILINX -Wall -O0 -g3 -I../../bsp/ps7_cortexa9_0/include -I/home/yarib/work/app-framework-baremetal/apps/sbs_app/inc -I/home/yarib/work/app-framework-baremetal/libs/utilities/inc -I/home/yarib/work/app-framework-baremetal/libs/sbs_neural_network/inc -I/home/yarib/work/app-framework-baremetal/libs/sbs_hardware/inc -I/home/yarib/work/app-framework-baremetal/libs/arm/inc -c -fmessage-length=0 -MT"src_utilities/toolcom.o" -mcpu=cortex-a9 -mfpu=vfpv3 -mfloat-abi=hard -I../../bsp/ps7_cortexa9_0/include -MMD -MP -MF"src_utilities/toolcom.d" -MT"src_utilities/toolcom.o" -o "src_utilities/toolcom.o" "/home/yarib/work/app-framework-baremetal/libs/utilities/src/toolcom.c"
Finished building: /home/yarib/work/app-framework-baremetal/libs/utilities/src/toolcom.c
 
Building file: /home/yarib/work/app-framework-baremetal/libs/sbs_neural_network/src/sbs_neural_network.c
Invoking: ARM v7 gcc compiler
arm-none-eabi-gcc -DUSE_XILINX -Wall -O0 -g3 -I../../bsp/ps7_cortexa9_0/include -I/home/yarib/work/app-framework-baremetal/apps/sbs_app/inc -I/home/yarib/work/app-framework-baremetal/libs/utilities/inc -I/home/yarib/work/app-framework-baremetal/libs/sbs_neural_network/inc -I/home/yarib/work/app-framework-baremetal/libs/sbs_hardware/inc -I/home/yarib/work/app-framework-baremetal/libs/arm/inc -c -fmessage-length=0 -MT"src_sbs/sbs_neural_network.o" -mcpu=cortex-a9 -mfpu=vfpv3 -mfloat-abi=hard -I../../bsp/ps7_cortexa9_0/include -MMD -MP -MF"src_sbs/sbs_neural_network.d" -MT"src_sbs/sbs_neural_network.o" -o "src_sbs/sbs_neural_network.o" "/home/yarib/work/app-framework-baremetal/libs/sbs_neural_network/src/sbs_neural_network.c"
Finished building: /home/yarib/work/app-framework-baremetal/libs/sbs_neural_network/src/sbs_neural_network.c
 
Building file: /home/yarib/work/app-framework-baremetal/libs/sbs_hardware/src/dma_hardware.c
Invoking: ARM v7 gcc compiler
arm-none-eabi-gcc -DUSE_XILINX -Wall -O0 -g3 -I../../bsp/ps7_cortexa9_0/include -I/home/yarib/work/app-framework-baremetal/apps/sbs_app/inc -I/home/yarib/work/app-framework-baremetal/libs/utilities/inc -I/home/yarib/work/app-framework-baremetal/libs/sbs_neural_network/inc -I/home/yarib/work/app-framework-baremetal/libs/sbs_hardware/inc -I/home/yarib/work/app-framework-baremetal/libs/arm/inc -c -fmessage-length=0 -MT"src_hw/dma_hardware.o" -mcpu=cortex-a9 -mfpu=vfpv3 -mfloat-abi=hard -I../../bsp/ps7_cortexa9_0/include -MMD -MP -MF"src_hw/dma_hardware.d" -MT"src_hw/dma_hardware.o" -o "src_hw/dma_hardware.o" "/home/yarib/work/app-framework-baremetal/libs/sbs_hardware/src/dma_hardware.c"
Finished building: /home/yarib/work/app-framework-baremetal/libs/sbs_hardware/src/dma_hardware.c
 
Building file: /home/yarib/work/app-framework-baremetal/libs/sbs_hardware/src/dma_hardware_mover.c
Invoking: ARM v7 gcc compiler
arm-none-eabi-gcc -DUSE_XILINX -Wall -O0 -g3 -I../../bsp/ps7_cortexa9_0/include -I/home/yarib/work/app-framework-baremetal/apps/sbs_app/inc -I/home/yarib/work/app-framework-baremetal/libs/utilities/inc -I/home/yarib/work/app-framework-baremetal/libs/sbs_neural_network/inc -I/home/yarib/work/app-framework-baremetal/libs/sbs_hardware/inc -I/home/yarib/work/app-framework-baremetal/libs/arm/inc -c -fmessage-length=0 -MT"src_hw/dma_hardware_mover.o" -mcpu=cortex-a9 -mfpu=vfpv3 -mfloat-abi=hard -I../../bsp/ps7_cortexa9_0/include -MMD -MP -MF"src_hw/dma_hardware_mover.d" -MT"src_hw/dma_hardware_mover.o" -o "src_hw/dma_hardware_mover.o" "/home/yarib/work/app-framework-baremetal/libs/sbs_hardware/src/dma_hardware_mover.c"
Finished building: /home/yarib/work/app-framework-baremetal/libs/sbs_hardware/src/dma_hardware_mover.c
 
Building file: /home/yarib/work/app-framework-baremetal/libs/sbs_hardware/src/sbs_hardware.c
Invoking: ARM v7 gcc compiler
arm-none-eabi-gcc -DUSE_XILINX -Wall -O0 -g3 -I../../bsp/ps7_cortexa9_0/include -I/home/yarib/work/app-framework-baremetal/apps/sbs_app/inc -I/home/yarib/work/app-framework-baremetal/libs/utilities/inc -I/home/yarib/work/app-framework-baremetal/libs/sbs_neural_network/inc -I/home/yarib/work/app-framework-baremetal/libs/sbs_hardware/inc -I/home/yarib/work/app-framework-baremetal/libs/arm/inc -c -fmessage-length=0 -MT"src_hw/sbs_hardware.o" -mcpu=cortex-a9 -mfpu=vfpv3 -mfloat-abi=hard -I../../bsp/ps7_cortexa9_0/include -MMD -MP -MF"src_hw/sbs_hardware.d" -MT"src_hw/sbs_hardware.o" -o "src_hw/sbs_hardware.o" "/home/yarib/work/app-framework-baremetal/libs/sbs_hardware/src/sbs_hardware.c"
Finished building: /home/yarib/work/app-framework-baremetal/libs/sbs_hardware/src/sbs_hardware.c
 
Building file: /home/yarib/work/app-framework-baremetal/libs/sbs_hardware/src/sbs_hardware_emulator.c
Invoking: ARM v7 gcc compiler
arm-none-eabi-gcc -DUSE_XILINX -Wall -O0 -g3 -I../../bsp/ps7_cortexa9_0/include -I/home/yarib/work/app-framework-baremetal/apps/sbs_app/inc -I/home/yarib/work/app-framework-baremetal/libs/utilities/inc -I/home/yarib/work/app-framework-baremetal/libs/sbs_neural_network/inc -I/home/yarib/work/app-framework-baremetal/libs/sbs_hardware/inc -I/home/yarib/work/app-framework-baremetal/libs/arm/inc -c -fmessage-length=0 -MT"src_hw/sbs_hardware_emulator.o" -mcpu=cortex-a9 -mfpu=vfpv3 -mfloat-abi=hard -I../../bsp/ps7_cortexa9_0/include -MMD -MP -MF"src_hw/sbs_hardware_emulator.d" -MT"src_hw/sbs_hardware_emulator.o" -o "src_hw/sbs_hardware_emulator.o" "/home/yarib/work/app-framework-baremetal/libs/sbs_hardware/src/sbs_hardware_emulator.c"
/home/yarib/work/app-framework-baremetal/libs/sbs_hardware/src/sbs_hardware_emulator.c: In function 'sbs_fixedpoint':
/home/yarib/work/app-framework-baremetal/libs/sbs_hardware/src/sbs_hardware_emulator.c:148:0: warning: ignoring #pragma HLS pipeline [-Wunknown-pragmas]
 #pragma HLS pipeline
 
/home/yarib/work/app-framework-baremetal/libs/sbs_hardware/src/sbs_hardware_emulator.c:162:0: warning: ignoring #pragma HLS pipeline [-Wunknown-pragmas]
 #pragma HLS pipeline
 
/home/yarib/work/app-framework-baremetal/libs/sbs_hardware/src/sbs_hardware_emulator.c:176:0: warning: ignoring #pragma HLS pipeline [-Wunknown-pragmas]
 #pragma HLS pipeline
 
/home/yarib/work/app-framework-baremetal/libs/sbs_hardware/src/sbs_hardware_emulator.c:181:0: warning: ignoring #pragma HLS pipeline [-Wunknown-pragmas]
 #pragma HLS pipeline
 
/home/yarib/work/app-framework-baremetal/libs/sbs_hardware/src/sbs_hardware_emulator.c:199:0: warning: ignoring #pragma HLS pipeline [-Wunknown-pragmas]
 #pragma HLS pipeline
 
/home/yarib/work/app-framework-baremetal/libs/sbs_hardware/src/sbs_hardware_emulator.c:204:0: warning: ignoring #pragma HLS pipeline [-Wunknown-pragmas]
 #pragma HLS pipeline
 
/home/yarib/work/app-framework-baremetal/libs/sbs_hardware/src/sbs_hardware_emulator.c:218:0: warning: ignoring #pragma HLS pipeline [-Wunknown-pragmas]
 #pragma HLS pipeline
 
/home/yarib/work/app-framework-baremetal/libs/sbs_hardware/src/sbs_hardware_emulator.c:226:0: warning: ignoring #pragma HLS pipeline [-Wunknown-pragmas]
 #pragma HLS pipeline
 
/home/yarib/work/app-framework-baremetal/libs/sbs_hardware/src/sbs_hardware_emulator.c:134:23: warning: unused variable 'spike_index' [-Wunused-variable]
   static unsigned int spike_index;
                       ^~~~~~~~~~~
At top level:
/home/yarib/work/app-framework-baremetal/libs/sbs_hardware/src/sbs_hardware_emulator.c:134:23: warning: 'spike_index' defined but not used [-Wunused-variable]
Finished building: /home/yarib/work/app-framework-baremetal/libs/sbs_hardware/src/sbs_hardware_emulator.c
 
Building file: /home/yarib/work/app-framework-baremetal/libs/sbs_hardware/src/sbs_hardware_spike.c
Invoking: ARM v7 gcc compiler
arm-none-eabi-gcc -DUSE_XILINX -Wall -O0 -g3 -I../../bsp/ps7_cortexa9_0/include -I/home/yarib/work/app-framework-baremetal/apps/sbs_app/inc -I/home/yarib/work/app-framework-baremetal/libs/utilities/inc -I/home/yarib/work/app-framework-baremetal/libs/sbs_neural_network/inc -I/home/yarib/work/app-framework-baremetal/libs/sbs_hardware/inc -I/home/yarib/work/app-framework-baremetal/libs/arm/inc -c -fmessage-length=0 -MT"src_hw/sbs_hardware_spike.o" -mcpu=cortex-a9 -mfpu=vfpv3 -mfloat-abi=hard -I../../bsp/ps7_cortexa9_0/include -MMD -MP -MF"src_hw/sbs_hardware_spike.d" -MT"src_hw/sbs_hardware_spike.o" -o "src_hw/sbs_hardware_spike.o" "/home/yarib/work/app-framework-baremetal/libs/sbs_hardware/src/sbs_hardware_spike.c"
Finished building: /home/yarib/work/app-framework-baremetal/libs/sbs_hardware/src/sbs_hardware_spike.c
 
Building file: /home/yarib/work/app-framework-baremetal/libs/sbs_hardware/src/sbs_hardware_update.c
Invoking: ARM v7 gcc compiler
arm-none-eabi-gcc -DUSE_XILINX -Wall -O0 -g3 -I../../bsp/ps7_cortexa9_0/include -I/home/yarib/work/app-framework-baremetal/apps/sbs_app/inc -I/home/yarib/work/app-framework-baremetal/libs/utilities/inc -I/home/yarib/work/app-framework-baremetal/libs/sbs_neural_network/inc -I/home/yarib/work/app-framework-baremetal/libs/sbs_hardware/inc -I/home/yarib/work/app-framework-baremetal/libs/arm/inc -c -fmessage-length=0 -MT"src_hw/sbs_hardware_update.o" -mcpu=cortex-a9 -mfpu=vfpv3 -mfloat-abi=hard -I../../bsp/ps7_cortexa9_0/include -MMD -MP -MF"src_hw/sbs_hardware_update.d" -MT"src_hw/sbs_hardware_update.o" -o "src_hw/sbs_hardware_update.o" "/home/yarib/work/app-framework-baremetal/libs/sbs_hardware/src/sbs_hardware_update.c"
Finished building: /home/yarib/work/app-framework-baremetal/libs/sbs_hardware/src/sbs_hardware_update.c
 
Building file: /home/yarib/work/app-framework-baremetal/libs/sbs_hardware/src/sbs_processing_unit.c
Invoking: ARM v7 gcc compiler
arm-none-eabi-gcc -DUSE_XILINX -Wall -O0 -g3 -I../../bsp/ps7_cortexa9_0/include -I/home/yarib/work/app-framework-baremetal/apps/sbs_app/inc -I/home/yarib/work/app-framework-baremetal/libs/utilities/inc -I/home/yarib/work/app-framework-baremetal/libs/sbs_neural_network/inc -I/home/yarib/work/app-framework-baremetal/libs/sbs_hardware/inc -I/home/yarib/work/app-framework-baremetal/libs/arm/inc -c -fmessage-length=0 -MT"src_hw/sbs_processing_unit.o" -mcpu=cortex-a9 -mfpu=vfpv3 -mfloat-abi=hard -I../../bsp/ps7_cortexa9_0/include -MMD -MP -MF"src_hw/sbs_processing_unit.d" -MT"src_hw/sbs_processing_unit.o" -o "src_hw/sbs_processing_unit.o" "/home/yarib/work/app-framework-baremetal/libs/sbs_hardware/src/sbs_processing_unit.c"
Finished building: /home/yarib/work/app-framework-baremetal/libs/sbs_hardware/src/sbs_processing_unit.c
 
Building file: /home/yarib/work/app-framework-baremetal/libs/arm/src/gic.c
Invoking: ARM v7 gcc compiler
arm-none-eabi-gcc -DUSE_XILINX -Wall -O0 -g3 -I../../bsp/ps7_cortexa9_0/include -I/home/yarib/work/app-framework-baremetal/apps/sbs_app/inc -I/home/yarib/work/app-framework-baremetal/libs/utilities/inc -I/home/yarib/work/app-framework-baremetal/libs/sbs_neural_network/inc -I/home/yarib/work/app-framework-baremetal/libs/sbs_hardware/inc -I/home/yarib/work/app-framework-baremetal/libs/arm/inc -c -fmessage-length=0 -MT"src_arm/gic.o" -mcpu=cortex-a9 -mfpu=vfpv3 -mfloat-abi=hard -I../../bsp/ps7_cortexa9_0/include -MMD -MP -MF"src_arm/gic.d" -MT"src_arm/gic.o" -o "src_arm/gic.o" "/home/yarib/work/app-framework-baremetal/libs/arm/src/gic.c"
Finished building: /home/yarib/work/app-framework-baremetal/libs/arm/src/gic.c
 
Building file: /home/yarib/work/app-framework-baremetal/apps/sbs_app/src/main.c
Invoking: ARM v7 gcc compiler
arm-none-eabi-gcc -DUSE_XILINX -Wall -O0 -g3 -I../../bsp/ps7_cortexa9_0/include -I/home/yarib/work/app-framework-baremetal/apps/sbs_app/inc -I/home/yarib/work/app-framework-baremetal/libs/utilities/inc -I/home/yarib/work/app-framework-baremetal/libs/sbs_neural_network/inc -I/home/yarib/work/app-framework-baremetal/libs/sbs_hardware/inc -I/home/yarib/work/app-framework-baremetal/libs/arm/inc -c -fmessage-length=0 -MT"src_app/main.o" -mcpu=cortex-a9 -mfpu=vfpv3 -mfloat-abi=hard -I../../bsp/ps7_cortexa9_0/include -MMD -MP -MF"src_app/main.d" -MT"src_app/main.o" -o "src_app/main.o" "/home/yarib/work/app-framework-baremetal/apps/sbs_app/src/main.c"
Finished building: /home/yarib/work/app-framework-baremetal/apps/sbs_app/src/main.c
 
Building file: /home/yarib/work/app-framework-baremetal/apps/sbs_app/src/sbs_app.c
Invoking: ARM v7 gcc compiler
arm-none-eabi-gcc -DUSE_XILINX -Wall -O0 -g3 -I../../bsp/ps7_cortexa9_0/include -I/home/yarib/work/app-framework-baremetal/apps/sbs_app/inc -I/home/yarib/work/app-framework-baremetal/libs/utilities/inc -I/home/yarib/work/app-framework-baremetal/libs/sbs_neural_network/inc -I/home/yarib/work/app-framework-baremetal/libs/sbs_hardware/inc -I/home/yarib/work/app-framework-baremetal/libs/arm/inc -c -fmessage-length=0 -MT"src_app/sbs_app.o" -mcpu=cortex-a9 -mfpu=vfpv3 -mfloat-abi=hard -I../../bsp/ps7_cortexa9_0/include -MMD -MP -MF"src_app/sbs_app.d" -MT"src_app/sbs_app.o" -o "src_app/sbs_app.o" "/home/yarib/work/app-framework-baremetal/apps/sbs_app/src/sbs_app.c"
Finished building: /home/yarib/work/app-framework-baremetal/apps/sbs_app/src/sbs_app.c
 
Building target: app.elf
Invoking: ARM v7 gcc linker
arm-none-eabi-gcc -mcpu=cortex-a9 -mfpu=vfpv3 -mfloat-abi=hard -Wl,-build-id=none -specs=Xilinx.spec -Wl,-T -Wl,../src/lscript.ld -L../../bsp/ps7_cortexa9_0/lib -o "app.elf"  ./src_utilities/eventlogger.o ./src_utilities/memory_manager.o ./src_utilities/miscellaneous.o ./src_utilities/mt19937int.o ./src_utilities/multivector.o ./src_utilities/serialport.o ./src_utilities/timer.o ./src_utilities/toolcom.o  ./src_sbs/sbs_neural_network.o  ./src_hw/dma_hardware.o ./src_hw/dma_hardware_mover.o ./src_hw/sbs_hardware.o ./src_hw/sbs_hardware_emulator.o ./src_hw/sbs_hardware_spike.o ./src_hw/sbs_hardware_update.o ./src_hw/sbs_processing_unit.o  ./src_arm/gic.o  ./src_app/main.o ./src_app/sbs_app.o   -Wl,--start-group,-lxil,-lgcc,-lc,--end-group -Wl,--start-group,-lxilffs,-lxil,-lgcc,-lc,--end-group -Wl,--start-group,-lrsa,-lxil,-lgcc,-lc,--end-group
Finished building target: app.elf
 
Invoking: ARM v7 Print Size
arm-none-eabi-size app.elf  |tee "app.elf.size"
   text	   data	    bss	    dec	    hex	filename
 169052	   5756	33605024	33779832	2037078	app.elf
Finished building: app.elf.size
 
18:24:49 **** Incremental Build of configuration Debug for project app ****
make pre-build main-build 
a9-linaro-pre-build-step
 
make: Nothing to be done for 'main-build'.
07:37:55 **** Incremental Build of configuration Debug for project app ****
make pre-build main-build 
a9-linaro-pre-build-step
 
make: Nothing to be done for 'main-build'.
07:42:55 **** Incremental Build of configuration Debug for project app ****
make pre-build main-build 
a9-linaro-pre-build-step
 
make: Nothing to be done for 'main-build'.
